XDG_CACHE_HOME=/tmp/golangci-lint-cache golangci-lint run ./...
0 issues.
Summary: 40 packages passed, 0 packages failed
go test -coverprofile=coverage.out ./...
ok  	github.com/scullxbones/armature/cmd/armature	42.017s	coverage: 82.0% of statements
ok  	github.com/scullxbones/armature/internal/adapters	(cached)	coverage: 81.5% of statements
ok  	github.com/scullxbones/armature/internal/audit	(cached)	coverage: 93.0% of statements
ok  	github.com/scullxbones/armature/internal/bootstrap	(cached)	coverage: 96.6% of statements
ok  	github.com/scullxbones/armature/internal/claim	(cached)	coverage: 91.7% of statements
ok  	github.com/scullxbones/armature/internal/clock	(cached)	coverage: 100.0% of statements
ok  	github.com/scullxbones/armature/internal/config	(cached)	coverage: 83.1% of statements
ok  	github.com/scullxbones/armature/internal/context	(cached)	coverage: 93.8% of statements
ok  	github.com/scullxbones/armature/internal/dag	(cached)	coverage: 94.2% of statements
ok  	github.com/scullxbones/armature/internal/decompose	(cached)	coverage: 77.4% of statements
ok  	github.com/scullxbones/armature/internal/doctor	(cached)	coverage: 93.9% of statements
ok  	github.com/scullxbones/armature/internal/errors	(cached)	coverage: 100.0% of statements
ok  	github.com/scullxbones/armature/internal/exitcodes	(cached)	coverage: 90.0% of statements
ok  	github.com/scullxbones/armature/internal/harnesshook	(cached)	coverage: 87.6% of statements
ok  	github.com/scullxbones/armature/internal/harnesspolicy	(cached)	coverage: 90.6% of statements
ok  	github.com/scullxbones/armature/internal/hooks	(cached)	coverage: 100.0% of statements
ok  	github.com/scullxbones/armature/internal/importbf	(cached)	coverage: 87.1% of statements
ok  	github.com/scullxbones/armature/internal/issuetype	(cached)	coverage: 100.0% of statements
ok  	github.com/scullxbones/armature/internal/materialize	(cached)	coverage: 90.0% of statements
ok  	github.com/scullxbones/armature/internal/ops	(cached)	coverage: 87.3% of statements
ok  	github.com/scullxbones/armature/internal/output	(cached)	coverage: 86.8% of statements
ok  	github.com/scullxbones/armature/internal/platform	(cached)	coverage: 100.0% of statements
ok  	github.com/scullxbones/armature/internal/ready	(cached)	coverage: 93.4% of statements
?   	github.com/scullxbones/armature/internal/skillsembed	[no test files]
ok  	github.com/scullxbones/armature/internal/snapshot	(cached)	coverage: 71.4% of statements
ok  	github.com/scullxbones/armature/internal/sources	(cached)	coverage: 92.3% of statements
ok  	github.com/scullxbones/armature/internal/sync	(cached)	coverage: 91.7% of statements
ok  	github.com/scullxbones/armature/internal/traceability	(cached)	coverage: 96.4% of statements
ok  	github.com/scullxbones/armature/internal/tui	(cached)	coverage: 92.3% of statements
ok  	github.com/scullxbones/armature/internal/tui/app	(cached)	coverage: 64.2% of statements
ok  	github.com/scullxbones/armature/internal/tui/dagsum	(cached)	coverage: 94.1% of statements
ok  	github.com/scullxbones/armature/internal/tui/dagsummary	(cached)	coverage: 90.1% of statements
ok  	github.com/scullxbones/armature/internal/tui/dagtree	(cached)	coverage: 90.7% of statements
ok  	github.com/scullxbones/armature/internal/tui/detail	(cached)	coverage: 94.3% of statements
ok  	github.com/scullxbones/armature/internal/tui/ready	(cached)	coverage: 93.8% of statements
ok  	github.com/scullxbones/armature/internal/tui/sources	(cached)	coverage: 94.4% of statements
ok  	github.com/scullxbones/armature/internal/tui/stalereview	(cached)	coverage: 94.6% of statements
ok  	github.com/scullxbones/armature/internal/tui/tuivalidate	(cached)	coverage: 95.5% of statements
ok  	github.com/scullxbones/armature/internal/tui/workers	(cached)	coverage: 94.5% of statements
ok  	github.com/scullxbones/armature/internal/validate	(cached)	coverage: 95.8% of statements
ok  	github.com/scullxbones/armature/internal/worker	(cached)	coverage: 92.9% of statements
Total coverage: 85.8%
Running mutation tests on internal...
internal: efficacy=100.00% coverage=95.60% killed=1065 lived=0 not_covered=49
Running mutation tests on cmd...
cmd: efficacy=100.00% coverage=95.68% killed=753 lived=0 not_covered=34
Skills validated: no 'make install' references
mkdir -p bin
GOFLAGS=-buildvcs=false CGO_ENABLED=0 go build -ldflags "-X main.Version=v0.0.1-352-g0772b490-dirty" -o bin/arm ./cmd/armature
