["amend","TOPTIER-S15",1788840222,"bfc7fab2-5292-4d3d-9773-9f49b203f5c6",{"scope":["cmd/armature/doctor.go"]}]
["link","LNGHZN-S6-T5",1788840222,"bfc7fab2-5292-4d3d-9773-9f49b203f5c6",{"dep":"TOPTIER-S15","rel":"blocked_by"}]
["link","TOPTIER-S18-T2",1788840223,"bfc7fab2-5292-4d3d-9773-9f49b203f5c6",{"dep":"TOPTIER-S14","rel":"blocked_by"}]
["link","TOPTIER-S13-T2",1788840223,"bfc7fab2-5292-4d3d-9773-9f49b203f5c6",{"dep":"TOPTIER-S11","rel":"blocked_by"}]
["link","LNGHZN-S7-T6",1788840223,"bfc7fab2-5292-4d3d-9773-9f49b203f5c6",{"dep":"TOPTIER-S12","rel":"blocked_by"}]
["link","TOPTIER-S18-T4",1788840224,"bfc7fab2-5292-4d3d-9773-9f49b203f5c6",{"dep":"TOPTIER-S12","rel":"blocked_by"}]
["link","bug-1783480206",1788840224,"bfc7fab2-5292-4d3d-9773-9f49b203f5c6",{"dep":"TOPTIER-S18-T4","rel":"blocked_by"}]
["link","ARCHIMP-S20-T2",1788840224,"bfc7fab2-5292-4d3d-9773-9f49b203f5c6",{"dep":"LNGHZN-S7","rel":"blocked_by"}]
["link","ARCHIMP-S20-T2",1788840225,"bfc7fab2-5292-4d3d-9773-9f49b203f5c6",{"dep":"HKDLG-T1","rel":"blocked_by"}]
["citation-accepted","OPSCLEAN-1",1788919611,"bfc7fab2-5292-4d3d-9773-9f49b203f5c6",{"confirmed_noninteractively":true,"rationale":"Grounded in observed dirty ops worktree blocking FetchAndRebase, same failure class as HOOKMSG-1, implemented on GitHub PR 141."}]
["transition","HKDLG-T1",1789002865,"bfc7fab2-5292-4d3d-9773-9f49b203f5c6",{"to":"open","outcome":"Claim expired without worker transition; re-opening"}]
["note","HKDLG-T1",1789002865,"bfc7fab2-5292-4d3d-9773-9f49b203f5c6",{"msg":"doctor --fix: released expired claim (previously claimed by 5207ee28-cdd8-48e6-98dc-7da179d4a40d)","note_id":"doctor-fix-HKDLG-T1-1789002865"}]
["transition","HKDLG-T1",1789002877,"bfc7fab2-5292-4d3d-9773-9f49b203f5c6",{"to":"done","outcome":"PR 143 merged: post-commit template delegates to arm hook run; heartbeat e2e + env isolation + ops-worktree skip landed on main.","branch":"fix/HKDLG-T1","pr":"143","skipped_delivery_gate":true}]
["transition","HKDLG-T1",1789002885,"bfc7fab2-5292-4d3d-9773-9f49b203f5c6",{"to":"merged","pr":"143"}]
["claim","HKDLG-T2",1789002899,"bfc7fab2-5292-4d3d-9773-9f49b203f5c6",{"ttl":240,"worktree_path":"/workspace/armature/.worktrees/HKDLG-T2","claim_token":"5147212706404af5927137923ac1e7e6"}]
["claim","HKDLG-T3",1789002901,"bfc7fab2-5292-4d3d-9773-9f49b203f5c6",{"ttl":240,"worktree_path":"/workspace/armature/.worktrees/HKDLG-T3","claim_token":"cf36b6f9acc5a46fce21a112fa586d48"}]
["heartbeat","HKDLG-T2",1789003715,"bfc7fab2-5292-4d3d-9773-9f49b203f5c6",{}]
["transition","HKDLG-T2",1789003734,"bfc7fab2-5292-4d3d-9773-9f49b203f5c6",{"to":"done","outcome":"Verified hookDetectScopeChanges with --find-renames; REQ rename/delete/unscoped tests; make check green on 13f92a1a.","skipped_delivery_gate":true}]
["heartbeat","HKDLG-T3",1789003962,"bfc7fab2-5292-4d3d-9773-9f49b203f5c6",{}]
["transition","HKDLG-T3",1789003963,"bfc7fab2-5292-4d3d-9773-9f49b203f5c6",{"to":"done","outcome":"preCommitHookTemplate delegates to arm hook run with I3 fail-loud + dual-branch remediation; REQ tests; make check green on bfd46038.","skipped_delivery_gate":true}]
["transition","HKDLG-T2",1789008190,"bfc7fab2-5292-4d3d-9773-9f49b203f5c6",{"to":"merged","pr":"145"}]
["transition","HKDLG-T3",1789008190,"bfc7fab2-5292-4d3d-9773-9f49b203f5c6",{"to":"merged","pr":"145"}]
["transition","HKDLG",1789008191,"bfc7fab2-5292-4d3d-9773-9f49b203f5c6",{"to":"done","outcome":"All child tasks complete via PRs 143 (T1) and 145 (T2+T3); make check green on tip 655b9941.","pr":"145","skipped_delivery_gate":true}]
["transition","HKDLG",1789008193,"bfc7fab2-5292-4d3d-9773-9f49b203f5c6",{"to":"merged","pr":"145"}]
["amend","TOPTIER-S12-T1",1789009327,"bfc7fab2-5292-4d3d-9773-9f49b203f5c6",{"scope":["docs/ops-backup.md (new)"],"acceptance":["docs/ops-backup.md exists and names the loss/corruption/force-push failure mode","docs/ops-backup.md includes a manual git-bundle or second-remote backup recipe","arm validate exits 0"],"definition_of_done":"docs/ops-backup.md states today failure mode if ops branch is deleted, corrupted, or force-pushed (G2.1, honest-guarantees style) and publishes a manual stopgap recipe: periodic git bundle of the ops branch and/or a second remote (G2.3). No doctor code."}]
["amend","TOPTIER-S12-T2",1789009327,"bfc7fab2-5292-4d3d-9773-9f49b203f5c6",{"scope":["internal/doctor/opsremote.go (new)","internal/doctor/opsremote_test.go (new)","internal/doctor/doctor.go","internal/doctor/doctor_test.go","docs/ops-backup.md"],"acceptance":["TestDoctorD11_WarnsOnMissingRemoteTracking_REQ_TOPTIER_S12_T2 passes","TestDoctorD11_WarnsOnStaleLocalOnlyOps_REQ_TOPTIER_S12_T2 passes","arm doctor --format json can emit check D11","make check green"],"definition_of_done":"arm doctor gains Finding.Check D11 (D8 stays scope-violations) warning when ops branch has no verified remote tracking, or local-only ops exceed a named package constant staleness window (not a new config knob). Helper lives in internal/doctor/opsremote.go; Run/RunChecks call it. Cross-link docs/ops-backup.md."}]
["amend","TOPTIER-S12",1789009328,"bfc7fab2-5292-4d3d-9773-9f49b203f5c6",{"scope":["docs/ops-backup.md (new)","internal/doctor/opsremote.go (new)","internal/doctor/opsremote_test.go (new)","internal/doctor/doctor.go","internal/doctor/doctor_test.go"],"acceptance":["docs/ops-backup.md covers G2.1 failure mode and G2.3 manual recipe","TestDoctorD11_WarnsOnMissingRemoteTracking_REQ_TOPTIER_S12_T2 passes","make check green","arm validate exits 0"],"definition_of_done":"Ops-branch backup/DR posture for G2: failure mode documented, D11 doctor warns on missing/stale remote tracking, manual git-bundle/second-remote recipe published. Closes narrow-gaps-addendum G2. Does not automate backups."}]
["amend","TOPTIER-S18-T3",1789009328,"bfc7fab2-5292-4d3d-9773-9f49b203f5c6",{"acceptance":["docs/design/doctor-check-ids.md lists D1-D10 live IDs and open reservations including TOPTIER-S12-T2 planned D11","make check green"]}]
["unlink","LNGHZN-S7-T6",1789009328,"bfc7fab2-5292-4d3d-9773-9f49b203f5c6",{"dep":"TOPTIER-S12","rel":"blocked_by"}]
["note","TOPTIER-S12-T2",1789009329,"bfc7fab2-5292-4d3d-9773-9f49b203f5c6",{"msg":"Plan truth-up 2026-09-09: reserved check ID changed D8→D11 because live D8 is CheckD8ScopeViolations (TOPTIER-S5). Helper scoped to opsremote.go so Run wiring stays a one-liner. Staleness uses a package constant; no new config field ahead of LNGHZN-S7 close.","note_id":"note-1789009329064923018"}]
["note","LNGHZN-S7-T6",1789009329,"bfc7fab2-5292-4d3d-9773-9f49b203f5c6",{"msg":"Plan truth-up 2026-09-09: unlinked TOPTIER-S12 / S12-T2. Premise was exclusive doctor.go + D8 reservation. Measured on main: CheckD10ConfigHealth already in Run/RunChecks; LoadConfig already StrictDecode. Remaining T6 work is acceptance naming (REQ suffix + Run inclusion test), not waiting on S12.","note_id":"note-1789009329100787173"}]
["note","TOPTIER-S18-T3",1789009329,"bfc7fab2-5292-4d3d-9773-9f49b203f5c6",{"msg":"Plan truth-up 2026-09-09: acceptance reservation text updated from planned D8 to planned D11 for TOPTIER-S12-T2.","note_id":"note-1789009329135873117"}]
["amend","LNGHZN-S7-T6",1789009362,"bfc7fab2-5292-4d3d-9773-9f49b203f5c6",{"scope":["internal/config/config_test.go"],"acceptance":["TestLoadConfigRejectsUnknownField_REQ_LNGHZN_S7_T6 passes","arm doctor --format json includes check D10","make check green"],"definition_of_done":"Acceptance only on main behavior already shipped: rename LoadConfig unknown-field test to REQ_LNGHZN_S7_T6. D10 already in Run/RunChecks (CheckD10ConfigHealth). D9 stays unrecognized worktrees. No doctor.go edits."}]
["unlink","LNGHZN-S7-T6",1789009362,"bfc7fab2-5292-4d3d-9773-9f49b203f5c6",{"dep":"TOPTIER-S12-T2","rel":"blocked_by"}]
["claim","LNGHZN-S7-T6",1789009803,"bfc7fab2-5292-4d3d-9773-9f49b203f5c6",{"ttl":60,"worktree_path":"/workspace/armature/.worktrees/LNGHZN-S7-T6","claim_token":"9be295d6dfc3f06afbebb3ce8c29432b"}]
["transition","LNGHZN-S7-T6",1789010137,"bfc7fab2-5292-4d3d-9773-9f49b203f5c6",{"to":"done","outcome":"Renamed TestLoadConfigRejectsUnknownField_REQ_LNGHZN_S7_T6; D10 in doctor json; make check green. PR 146.","branch":"task/LNGHZN-S7-T6","pr":"146"}]
["transition","LNGHZN-S7",1789010172,"bfc7fab2-5292-4d3d-9773-9f49b203f5c6",{"to":"done","outcome":"All children done/merged. Last child T6 on PR 146.","pr":"146","skipped_delivery_gate":true}]
["unlink","ARCHIMP-S20-T2",1789011857,"bfc7fab2-5292-4d3d-9773-9f49b203f5c6",{"dep":"LNGHZN-S6-T2","rel":"blocked_by"}]
["unlink","ARCHIMP-S20-T2",1789011857,"bfc7fab2-5292-4d3d-9773-9f49b203f5c6",{"dep":"HKDLG-T1","rel":"blocked_by"}]
["amend","ARCHIMP-S20-T1",1789011857,"bfc7fab2-5292-4d3d-9773-9f49b203f5c6",{"scope":["internal/claim/plan.go (new)","internal/claim/plan_test.go (new)","CONTEXT.md"],"acceptance":["TestPlanClaim_InvalidInput_REQ_ARCHIMP_S20_T1 passes","TestPlanClaim_NilCollectionsEmptyPlan_REQ_ARCHIMP_S20_T1 passes","TestPlanClaim_IgnoresNonCompetitors_REQ_ARCHIMP_S20_T1 passes","TestPlanClaim_ActiveTasksCompete_REQ_ARCHIMP_S20_T1 passes","TestPlanClaim_ExcludesAncestorDescendant_REQ_ARCHIMP_S20_T1 passes","TestPlanClaim_SameWorkerDismissalAndDedup_REQ_ARCHIMP_S20_T1 passes","TestPlanClaim_UnknownClaimedBy_REQ_ARCHIMP_S20_T1 passes","TestPlanClaim_CollectsSortedForeignBlocks_REQ_ARCHIMP_S20_T1 passes","TestPlanClaim_BlockedMixedProducesNoNotes_REQ_ARCHIMP_S20_T1 passes","TestPlanClaim_ForceWarningsAndReciprocalNotes_REQ_ARCHIMP_S20_T1 passes","TestPlanClaim_SameWorkerDismissalUnderForce_REQ_ARCHIMP_S20_T1 passes","TestPlanClaim_MapOrderInvariant_REQ_ARCHIMP_S20_T1 passes","TestPlanClaim_InputsUnchanged_REQ_ARCHIMP_S20_T1 passes","CONTEXT.md defines Claim Plan","CONTEXT.md defines Claim Compensation","CONTEXT.md defines Worktree Provision Plan","make check-fast green"],"definition_of_done":"PlanClaim exported from internal/claim with spec types. package claim_test covers every overlap behavior bullet in docs/design/claim-overlap-plan.md §1. CONTEXT.md defines Claim Plan, Claim Compensation, and Worktree Provision Plan. No materialize import. make check-fast green.","context_files":["docs/design/claim-overlap-plan.md"]}]
["amend","ARCHIMP-S20-T5",1789011858,"bfc7fab2-5292-4d3d-9773-9f49b203f5c6",{"scope":["internal/worktree/provision.go (new)","internal/worktree/provision_test.go (new)"],"acceptance":["TestPlanProvision_RefuseNested_REQ_ARCHIMP_S20_T5 passes","TestPlanProvision_RefuseInRepoOutsideCanonical_REQ_ARCHIMP_S20_T5 passes","TestPlanProvision_RefuseAmbiguousBinding_REQ_ARCHIMP_S20_T5 passes","TestPlanProvision_RefuseWrongBranch_REQ_ARCHIMP_S20_T5 passes","TestPlanProvision_RefuseAdoptWithoutProvenance_REQ_ARCHIMP_S20_T5 passes","TestPlanProvision_Adopt_REQ_ARCHIMP_S20_T5 passes","TestPlanProvision_AlreadyAtDest_REQ_ARCHIMP_S20_T5 passes","TestPlanProvision_Fresh_REQ_ARCHIMP_S20_T5 passes","TestPlanProvision_InventoryOrderInvariant_REQ_ARCHIMP_S20_T5 passes","TestPlanProvision_InvalidInput_REQ_ARCHIMP_S20_T5 passes","make check-fast green"],"definition_of_done":"PlanProvision exported from internal/worktree with spec types. package worktree_test covers refuse/adopt/already-at-dest/fresh, order invariance, invalid input per claim-overlap-plan.md §3. No git in the package. Glossary term already on CONTEXT.md via T1. make check-fast green.","context_files":["docs/design/claim-overlap-plan.md"]}]
["unlink","ARCHIMP-S20-T5",1789011858,"bfc7fab2-5292-4d3d-9773-9f49b203f5c6",{"dep":"ARCHIMP-S20-T1","rel":"blocked_by"}]
["amend","ARCHIMP-S20-T2",1789011858,"bfc7fab2-5292-4d3d-9773-9f49b203f5c6",{"scope":["cmd/armature/claim.go","cmd/armature/claim_test.go","cmd/armature/main_test.go"],"definition_of_done":"arm claim maps Materialized State into PlanInput, calls PlanClaim, prints every block reason and warning, persists Notes via appendLowStakesOps (fail closed), and writes no Claim Op or worktree when blocked or notes fail. Thin Cobra _REQ_ARCHIMP_S20_T2. No compensation or provision wiring. make check green.","context_files":["docs/design/claim-overlap-plan.md"]}]
["amend","ARCHIMP-S20-T3",1789011858,"bfc7fab2-5292-4d3d-9773-9f49b203f5c6",{"context_files":["docs/design/claim-overlap-plan.md"]}]
["amend","ARCHIMP-S20-T4",1789011858,"bfc7fab2-5292-4d3d-9773-9f49b203f5c6",{"definition_of_done":"rollbackClaim calls PlanCompensation after ClaimHeldBy ownership check and appends that payload. Lock/exclude behavior unchanged. Existing rollback Cobra tests green; thin TestClaimCompensationRestoreVsRelease_REQ_ARCHIMP_S20_T4 on worktree-failure path. make check green.","context_files":["docs/design/claim-overlap-plan.md"]}]
["amend","ARCHIMP-S20-T6",1789011859,"bfc7fab2-5292-4d3d-9773-9f49b203f5c6",{"definition_of_done":"arm claim gathers inventory/dest facts, calls PlanProvision, then existing git I/O (refuse/adopt/already-at-dest/fresh). Claim Op still precedes provision. merged.go unmodified. Thin TestClaimUsesPlanProvision_REQ_ARCHIMP_S20_T6; existing adoption Cobra tests green. make check green.","context_files":["docs/design/claim-overlap-plan.md"]}]
["amend","ARCHIMP-S20",1789011859,"bfc7fab2-5292-4d3d-9773-9f49b203f5c6",{"scope":["internal/claim/plan.go (new)","internal/claim/plan_test.go (new)","internal/claim/compensate.go (new)","internal/claim/compensate_test.go (new)","internal/worktree/provision.go (new)","internal/worktree/provision_test.go (new)","cmd/armature/claim.go","cmd/armature/claim_test.go","cmd/armature/main_test.go","CONTEXT.md"],"definition_of_done":"Three pure decision seams behind arm claim: PlanClaim and PlanCompensation in internal/claim, PlanProvision in internal/worktree. cmd/ adapts facts and does I/O only. Matches docs/design/claim-overlap-plan.md. ARCHIMP-S15 stays cancelled. make check, arm validate --ci, arm doctor green.","context_files":["docs/design/claim-overlap-plan.md"]}]
["note","ARCHIMP-S20",1789011859,"bfc7fab2-5292-4d3d-9773-9f49b203f5c6",{"msg":"Plan truth-up 2026-09-09: T1 owns all three CONTEXT.md glossary terms so T5 runs parallel with T1/T3; dropped stale T2 deps LNGHZN-S6-T2 and HKDLG-T1 (merged); T2 scope is cmd-only; LNGHZN-S7 remains until PR 146 merges.","note_id":"note-1789011859694064801"}]
["note","ARCHIMP-S20-T5",1789011859,"bfc7fab2-5292-4d3d-9773-9f49b203f5c6",{"msg":"Plan truth-up 2026-09-09: unlinked ARCHIMP-S20-T1; Worktree Provision Plan glossary moved to T1 so this task is pure provision.go only.","note_id":"note-1789011859730272664"}]
["note","ARCHIMP-S20-T2",1789011859,"bfc7fab2-5292-4d3d-9773-9f49b203f5c6",{"msg":"Plan truth-up 2026-09-09: unlinked merged blockers LNGHZN-S6-T2 and HKDLG-T1; removed internal/claim/claim.go from scope (no edit needed). Still blocked by T1 and LNGHZN-S7 until S7 is merged.","note_id":"note-1789011859768410981"}]
["amend","ARCHIMP-S20-T1",1789011869,"bfc7fab2-5292-4d3d-9773-9f49b203f5c6",{"scope":["internal/claim/plan.go (new)","internal/claim/plan_test.go (new)","CONTEXT.md","docs/design/claim-overlap-plan.md"],"definition_of_done":"PlanClaim exported from internal/claim with spec types. package claim_test covers every overlap behavior bullet in claim-overlap-plan.md §1. CONTEXT.md defines Claim Plan, Claim Compensation, and Worktree Provision Plan. Split table in claim-overlap-plan.md matches live DAG (T5 parallel; T2 deps T1+LNGHZN-S7 until merged). No materialize import. make check-fast green."}]
["claim","ARCHIMP-S20-T1",1789012135,"bfc7fab2-5292-4d3d-9773-9f49b203f5c6",{"ttl":120,"worktree_path":"/workspace/armature/.worktrees/ARCHIMP-S20-T1","claim_token":"043a1ca2c0e78fccd3a754733d4101d7"}]
["transition","ARCHIMP-S20",1789012137,"bfc7fab2-5292-4d3d-9773-9f49b203f5c6",{"to":"in-progress"}]
["claim","ARCHIMP-S20-T3",1789012138,"bfc7fab2-5292-4d3d-9773-9f49b203f5c6",{"ttl":120,"worktree_path":"/workspace/armature/.worktrees/ARCHIMP-S20-T3","claim_token":"7032efb6fb5256264e578b81b85180cb"}]
["claim","ARCHIMP-S20-T5",1789012141,"bfc7fab2-5292-4d3d-9773-9f49b203f5c6",{"ttl":120,"worktree_path":"/workspace/armature/.worktrees/ARCHIMP-S20-T5","claim_token":"80cf86423dcb87d06141f395f1f75b10"}]
["note","ARCHIMP-S20",1789012190,"bfc7fab2-5292-4d3d-9773-9f49b203f5c6",{"msg":"Wave 1 dispatched 2026-09-09: T1/T3/T5 claimed with worktrees; Cloud Agents bc-adc04611 (T1), bc-3c6507b0 (T3), bc-6d7cafe9 (T5); story branch feat/ARCHIMP-S20. T4/T6 wait on adapters after this wave.","note_id":"note-1789012190338721185"}]
["transition","ARCHIMP-S20-T3",1789012557,"bfc7fab2-5292-4d3d-9773-9f49b203f5c6",{"to":"done","outcome":"PlanCompensation + 7 REQ tests; make check-fast green; PR 147 merged into feat/ARCHIMP-S20.","branch":"task/ARCHIMP-S20-T3","pr":"147"}]
["transition","ARCHIMP-S20-T5",1789012599,"bfc7fab2-5292-4d3d-9773-9f49b203f5c6",{"to":"done","outcome":"PlanProvision + 10 REQ tests; make check-fast green; PR 148 merged into feat/ARCHIMP-S20.","branch":"task/ARCHIMP-S20-T5","pr":"148"}]
["transition","ARCHIMP-S20-T1",1789012648,"bfc7fab2-5292-4d3d-9773-9f49b203f5c6",{"to":"done","outcome":"PlanClaim + 13 REQ tests; CONTEXT glossary x3; Split table synced; PR 149 merged into feat/ARCHIMP-S20.","branch":"task/ARCHIMP-S20-T1","pr":"149"}]
["transition","ARCHIMP-S20-T1",1789012663,"bfc7fab2-5292-4d3d-9773-9f49b203f5c6",{"to":"merged","pr":"149"}]
["transition","ARCHIMP-S20-T3",1789012665,"bfc7fab2-5292-4d3d-9773-9f49b203f5c6",{"to":"merged","pr":"147"}]
["transition","ARCHIMP-S20-T5",1789012667,"bfc7fab2-5292-4d3d-9773-9f49b203f5c6",{"to":"merged","pr":"148"}]
["transition","LNGHZN-S7-T6",1789039644,"bfc7fab2-5292-4d3d-9773-9f49b203f5c6",{"to":"merged","pr":"146"}]
["transition","LNGHZN-S7",1789039647,"bfc7fab2-5292-4d3d-9773-9f49b203f5c6",{"to":"merged","pr":"146"}]
["claim","ARCHIMP-S20-T2",1789039653,"bfc7fab2-5292-4d3d-9773-9f49b203f5c6",{"ttl":120,"worktree_path":"/workspace/armature/.worktrees/ARCHIMP-S20-T2","claim_token":"ddd34f2daf39c67942f70417941a02ee"}]
["note","ARCHIMP-S20-T2",1789039707,"bfc7fab2-5292-4d3d-9773-9f49b203f5c6",{"msg":"Dispatched 2026-09-10: Cloud Agent bc-1ef3b12e on task/ARCHIMP-S20-T2 (base feat/ARCHIMP-S20). LNGHZN-S7 marked merged via PR 146.","note_id":"note-1789039707757404033"}]
["transition","ARCHIMP-S20-T2",1789040478,"bfc7fab2-5292-4d3d-9773-9f49b203f5c6",{"to":"merged","pr":"151"}]
["claim","ARCHIMP-S20-T4",1789040499,"bfc7fab2-5292-4d3d-9773-9f49b203f5c6",{"ttl":120,"worktree_path":"/workspace/armature/.worktrees/ARCHIMP-S20-T4","claim_token":"881b23cf08a99c4cfdae35ddb7121626"}]
["note","ARCHIMP-S20-T4",1789040525,"bfc7fab2-5292-4d3d-9773-9f49b203f5c6",{"msg":"Dispatched 2026-09-10: Cloud Agent bc-e7db8fe8 on task/ARCHIMP-S20-T4 after T2 merged via PR 151.","note_id":"note-1789040525064596504"}]
["transition","ARCHIMP-S20-T4",1789041026,"bfc7fab2-5292-4d3d-9773-9f49b203f5c6",{"to":"done","outcome":"rollbackClaim→PlanCompensation; REQ T4 + rollback Cobra green; make check green; PR 152 merged into feat/ARCHIMP-S20.","branch":"task/ARCHIMP-S20-T4","pr":"152","skipped_delivery_gate":true}]
["transition","ARCHIMP-S20-T4",1789041029,"bfc7fab2-5292-4d3d-9773-9f49b203f5c6",{"to":"merged","pr":"152"}]
["claim","ARCHIMP-S20-T6",1789041032,"bfc7fab2-5292-4d3d-9773-9f49b203f5c6",{"ttl":120,"worktree_path":"/workspace/armature/.worktrees/ARCHIMP-S20-T6","claim_token":"1ff19e461fff7958456791864bafa01f"}]
["note","ARCHIMP-S20-T6",1789041052,"bfc7fab2-5292-4d3d-9773-9f49b203f5c6",{"msg":"Dispatched 2026-09-10: Cloud Agent bc-d2f9daf8 on task/ARCHIMP-S20-T6 after T4 merged via PR 152. Last S20 child.","note_id":"note-1789041052210805566"}]
["transition","ARCHIMP-S20-T6",1789042227,"bfc7fab2-5292-4d3d-9773-9f49b203f5c6",{"to":"done","outcome":"PlanProvision adapter; REQ T6 green; PR 153 merged into feat/ARCHIMP-S20.","branch":"task/ARCHIMP-S20-T6","pr":"153","skipped_delivery_gate":true}]
["transition","ARCHIMP-S20-T6",1789042229,"bfc7fab2-5292-4d3d-9773-9f49b203f5c6",{"to":"merged","pr":"153"}]
["transition","ARCHIMP-S20",1789042232,"bfc7fab2-5292-4d3d-9773-9f49b203f5c6",{"to":"done","outcome":"All children T1–T6 merged into feat/ARCHIMP-S20 (PRs 147–153).","skipped_delivery_gate":true}]
["note","AOC",1789066569,"bfc7fab2-5292-4d3d-9773-9f49b203f5c6",{"msg":"Planner truth-up 2026-09-10: fix AOC phantoms, unlink cancelled AOC-S2-T6 edges, drop redundant TOPTIER-S11 story block on AOC-S2-T3, align NXTTN-S3 DoDs with AOC-S3-T2 (dynamic payloads). No status transitions.","note_id":"note-1789066569370901704"}]
["amend","AOC-S2-T2",1789066569,"bfc7fab2-5292-4d3d-9773-9f49b203f5c6",{"scope":["cmd/armature/list.go","cmd/armature/list_test.go (new)","docs/commands.md"]}]
["amend","AOC-S2-T4",1789066569,"bfc7fab2-5292-4d3d-9773-9f49b203f5c6",{"scope":["cmd/armature/context_history.go","cmd/armature/context_history_test.go (new)","cmd/armature/workers.go","cmd/armature/workers_test.go (new)","cmd/armature/validate.go","cmd/armature/worktree.go","cmd/armature/review.go","cmd/armature/review_test.go","cmd/armature/decompose.go","cmd/armature/cmd_extra_test.go","docs/commands.md"]}]
["amend","AOC-S4-T1",1789066569,"bfc7fab2-5292-4d3d-9773-9f49b203f5c6",{"scope":["cmd/armature/transition.go","cmd/armature/transition_test.go (new)","internal/ops/types.go","docs/adr/0018-payload-keyed-op-idempotency.md (new)"]}]
["unlink","AOC-S2-T6",1789066577,"bfc7fab2-5292-4d3d-9773-9f49b203f5c6",{"dep":"AOC-S2-T4","rel":"blocked_by"}]
["unlink","AOC-S2-T6",1789066578,"bfc7fab2-5292-4d3d-9773-9f49b203f5c6",{"dep":"AOC-S2-T5","rel":"blocked_by"}]
["unlink","AOC-S2-T6",1789066578,"bfc7fab2-5292-4d3d-9773-9f49b203f5c6",{"dep":"LNGHZN-S6-T1","rel":"blocked_by"}]
["unlink","AOC-S2-T3",1789066578,"bfc7fab2-5292-4d3d-9773-9f49b203f5c6",{"dep":"TOPTIER-S11","rel":"blocked_by"}]
["unlink","AOC-S2-T3",1789066578,"bfc7fab2-5292-4d3d-9773-9f49b203f5c6",{"dep":"NXTTN-S3-T3","rel":"blocked_by"}]
["amend","NXTTN-S3",1789066579,"bfc7fab2-5292-4d3d-9773-9f49b203f5c6",{"definition_of_done":"Tokens are a governed budget the way coverage already is: make context-report prices every static agent-facing artifact (skills, glossary, key docs) using a bytes/4 token estimate, per-artifact budgets grouped by class with a shrink-only ratchet are enforced by a check wired into make check, and the coordinator skill is trimmed as the first application. Dynamic agent-facing payloads (--format agent / structured envelopes) are priced by AOC-S3-T2 on the same reporter and ratchet."}]
["amend","NXTTN-S3-T1",1789066579,"bfc7fab2-5292-4d3d-9773-9f49b203f5c6",{"definition_of_done":"A context-report command/target enumerates static agent-facing artifacts (embedded skills, CONTEXT.md, docs/commands.md, concepts, use-cases) and reports byte and estimated token weight (bytes/4 heuristic, matching token_budget convention) per artifact, in human and JSON output, documenting the estimation method in the output itself. Dynamic structured command payloads are out of this task and are owned by AOC-S3-T2."}]
["amend","AOC-S3-T2",1789066579,"bfc7fab2-5292-4d3d-9773-9f49b203f5c6",{"definition_of_done":"internal/contextreport prices structured command payloads using the same bytes/4 convention as static artifacts, measured against a checked-in fixture graph so the number is reproducible. Dynamic payloads join the existing budgets file and shrink-only ratchet, with initial values seeded at or above current measured size so the gate starts green."}]
["unlink","AOC-S2-T2",1789066579,"bfc7fab2-5292-4d3d-9773-9f49b203f5c6",{"dep":"AOC-S1-T3","rel":"blocked_by"}]
["unlink","AOC-S2-T1",1789066580,"bfc7fab2-5292-4d3d-9773-9f49b203f5c6",{"dep":"LNGHZN-S6-T2","rel":"blocked_by"}]
["unlink","AOC-S2-T1",1789066580,"bfc7fab2-5292-4d3d-9773-9f49b203f5c6",{"dep":"LNGHZN-S6-T4","rel":"blocked_by"}]
["unlink","AOC-S2-T1",1789066580,"bfc7fab2-5292-4d3d-9773-9f49b203f5c6",{"dep":"AOC-S1-T3","rel":"blocked_by"}]
["unlink","AOC-S2-T5",1789066580,"bfc7fab2-5292-4d3d-9773-9f49b203f5c6",{"dep":"LNGHZN-S6-T1","rel":"blocked_by"}]
["unlink","AOC-S3-T1",1789066581,"bfc7fab2-5292-4d3d-9773-9f49b203f5c6",{"dep":"LNGHZN-S6-T1","rel":"blocked_by"}]
["unlink","AOC-S3-T4",1789066581,"bfc7fab2-5292-4d3d-9773-9f49b203f5c6",{"dep":"LNGHZN-S8-T1","rel":"blocked_by"}]
["unlink","AOC-S4-T1",1789066581,"bfc7fab2-5292-4d3d-9773-9f49b203f5c6",{"dep":"LNGHZN-S6-T2","rel":"blocked_by"}]
["amend","NXTTN-S4-T1",1789072081,"bfc7fab2-5292-4d3d-9773-9f49b203f5c6",{"scope":["docs/paved-road.md (new)","cmd/armature/main.go","cmd/armature/paved_road_test.go (new)"]}]
["unlink","NXTTN-S4-T1",1789072081,"bfc7fab2-5292-4d3d-9773-9f49b203f5c6",{"dep":"LNGHZN-S6-T1","rel":"blocked_by"}]
["note","NXTTN-S4",1789072082,"bfc7fab2-5292-4d3d-9773-9f49b203f5c6",{"msg":"Planner hygiene 2026-09-10: NXTTN-S4-T1 scopes mark paved-road.md and paved_road_test.go as (new); unlinked merged LNGHZN-S6-T1.","note_id":"note-1789072082093165195"}]
["unlink","AOC-S2-T5",1789073099,"bfc7fab2-5292-4d3d-9773-9f49b203f5c6",{"dep":"ARCHIMP-S20-T2","rel":"blocked_by"}]
["claim","AOC-S2-T2",1789074354,"bfc7fab2-5292-4d3d-9773-9f49b203f5c6",{"ttl":240,"worktree_path":"/workspace/armature/.worktrees/AOC-S2-T2","claim_token":"7cea7c72ebc1da28061640d40851d2e4"}]
["transition","AOC-S2",1789074356,"bfc7fab2-5292-4d3d-9773-9f49b203f5c6",{"to":"in-progress"}]
["transition","AOC-S2-T2",1789075134,"bfc7fab2-5292-4d3d-9773-9f49b203f5c6",{"to":"done","outcome":"arm list structured stdout is {count,issues[],help[]} via output.NewEnvelope; default row id/type/status/title; outcome omitted; --group adds groups adjunct; empty is count 0. PR 156 head c1f52c90. Tests TestListDefaultRowIsFourFields/OmitsOutcome/GroupHonoured/CountIsTrueTotal_REQ_AOC_S2_T2. --skip-delivery-gate: claim baseline advanced to delivery HEAD after syncing CA tip into worktree; commit feat(AOC-S2-T2) is the delivery.","skipped_delivery_gate":true}]
["transition","AOC-S2-T2",1789075141,"bfc7fab2-5292-4d3d-9773-9f49b203f5c6",{"to":"merged"}]
["claim","AOC-S2-T1",1789075154,"bfc7fab2-5292-4d3d-9773-9f49b203f5c6",{"ttl":240,"worktree_path":"/workspace/armature/.worktrees/AOC-S2-T1","claim_token":"33041b2fe37054c43519c72043c2e453"}]
["transition","AOC-S2-T1",1789076202,"bfc7fab2-5292-4d3d-9773-9f49b203f5c6",{"to":"done","outcome":"arm ready structured stdout is {count,issues[],help[]} via NewEnvelope; expired_claims adjunct on stdout (not stderr); --waves adjunct; empty is count 0. PR 157 head 5ffa61ec stacked on feat/AOC-S2-T2. Tests TestReadyEmitsEnvelopeOnStdout/ExpiredClaimsInEnvelopeNotStderr/EmptyStateIsDefinitive_REQ_AOC_S2_T1. --skip-delivery-gate: CA tip synced into worktree so claim baseline==HEAD.","skipped_delivery_gate":true}]
["transition","AOC-S2-T1",1789076217,"bfc7fab2-5292-4d3d-9773-9f49b203f5c6",{"to":"merged"}]
["transition","TOPTIER-S11-T1",1789078576,"bfc7fab2-5292-4d3d-9773-9f49b203f5c6",{"to":"done","outcome":"Optional input_tokens/output_tokens on ops.Payload and AssessmentAttestation; omitempty; legacy decode intact. PR 158 head c36cfb45. Named REQ_TOPTIER_S11_T1 tests. --force: branch gate false-positive on worktree after CA sync; PR 158 is open on feat/TOPTIER-S11-T1.","skipped_delivery_gate":true}]
["transition","TOPTIER-S11-T1",1789078602,"bfc7fab2-5292-4d3d-9773-9f49b203f5c6",{"to":"merged"}]
["transition","NXTTN-S4-T1",1789078821,"bfc7fab2-5292-4d3d-9773-9f49b203f5c6",{"to":"done","outcome":"Paved-road classification map in main.go; [escape hatch] in --help; docs/paved-road.md generated; TestPavedRoadHelpClassification_REQ_NXTTN_S4_T1. PR 159 head 08e15dcb. --force/--skip-delivery-gate: CA tip synced; PR open on feat/NXTTN-S4-T1.","skipped_delivery_gate":true}]
["transition","NXTTN-S4-T1",1789078845,"bfc7fab2-5292-4d3d-9773-9f49b203f5c6",{"to":"merged"}]
["transition","NXTTN-S3-T1",1789078887,"bfc7fab2-5292-4d3d-9773-9f49b203f5c6",{"to":"done","outcome":"context-report prices static artifacts (skills, CONTEXT.md, commands/concepts/use-cases) with bytes and bytes/4 tokens; estimation_method in output; make context-report. PR 160 head bc71bd82. Fallout: main.go register + grammar/census. TestContextReportPricesSkills_REQ_NXTTN_S3_T1. --force/--skip-delivery-gate: CA tip synced; PR open.","skipped_delivery_gate":true}]
["transition","NXTTN-S3-T1",1789078910,"bfc7fab2-5292-4d3d-9773-9f49b203f5c6",{"to":"merged"}]
["transition","NXTTN-S3-T2",1789079587,"bfc7fab2-5292-4d3d-9773-9f49b203f5c6",{"to":"done","outcome":"Per-artifact max_bytes budgets in budgets.json; Enforce fails over budget; seeded at measured size; docs/context-budgets.md trim plan. PR 162 head 7e675876 stacked on feat/NXTTN-S3-T1. TestBudgetGateFailsOverBudget_REQ_NXTTN_S3_T2. --force/--skip-delivery-gate: CA tip synced; PR open.","skipped_delivery_gate":true}]
["transition","NXTTN-S3-T2",1789079609,"bfc7fab2-5292-4d3d-9773-9f49b203f5c6",{"to":"merged"}]
["transition","TOPTIER-S11-T2",1789079636,"bfc7fab2-5292-4d3d-9773-9f49b203f5c6",{"to":"done","outcome":"arm stats --cost aggregates input/output tokens to USD via per-model rate table; arm show prints spend-to-date. PR 161 head ff5265d3 stacked on feat/TOPTIER-S11-T1. Tests TestStatsCost/ShowDisplaysRunningSpend_REQ_TOPTIER_S11_T2. Fallout: main.go register, docs, census. --force/--skip-delivery-gate: CA tip synced; PR open.","skipped_delivery_gate":true}]
["transition","TOPTIER-S11-T2",1789079659,"bfc7fab2-5292-4d3d-9773-9f49b203f5c6",{"to":"merged"}]
["transition","NXTTN-S3-T3",1789080373,"bfc7fab2-5292-4d3d-9773-9f49b203f5c6",{"to":"done","outcome":"Coordinator skill trimmed under budget (45502 vs 62099 max_bytes); long refs moved to references/; goldens pass. PR 163 head b1727474 stacked on feat/NXTTN-S3-T2. --force/--skip-delivery-gate: CA tip synced; PR open.","skipped_delivery_gate":true}]
["transition","NXTTN-S3-T3",1789080403,"bfc7fab2-5292-4d3d-9773-9f49b203f5c6",{"to":"merged"}]
["amend","NXTTN-S3",1789082044,"bfc7fab2-5292-4d3d-9773-9f49b203f5c6",{"definition_of_done":"Runtime weight of Armature-as-tool is governed like coverage. context-report prices fixture-measured structured CLI payloads and render-context bundles (bytes/4). Budgets are real shrink-only caps in make check, not seed-at-current alone. Main path: list, ready, show, render-context, review (+ validate/doctor secondary). Skill bodies out of scope; front-matter gate is separate. AOC owns envelope shape; this story owns weight."}]
["amend","NXTTN-S3-T1",1789082044,"bfc7fab2-5292-4d3d-9773-9f49b203f5c6",{"scope":["internal/contextreport/report.go","internal/contextreport/report_test.go","internal/contextreport/testdata/","cmd/armature/context_report.go","Makefile"],"acceptance":["TestContextReportPricesMainPathCLI_REQ_NXTTN_S3_T1 passes","TestContextReportPricesRenderContextFixture_REQ_NXTTN_S3_T1 passes","make context-report lists main-path runtime artifacts","make check green"],"definition_of_done":"context-report prices fixture-measured structured invocations for main-path commands (list, ready, show, render-context, review) plus a fixture render-context bundle; human+JSON; estimation method in output. Static docs/full skill trees are not primary rows."}]
["amend","NXTTN-S3-T2",1789082044,"bfc7fab2-5292-4d3d-9773-9f49b203f5c6",{"scope":["docs/context-budgets.md","internal/contextreport/budget.go","internal/contextreport/budget_test.go","internal/contextreport/budgets.json"],"acceptance":["TestBudgetGateFailsOverBudget_REQ_NXTTN_S3_T2 passes","TestRuntimeBudgetCapsAreExplicitTargets_REQ_NXTTN_S3_T2 passes","make check green"],"definition_of_done":"Checked-in runtime budgets for those artifacts. Caps are customer promises, not today-size alone. make check fails over budget. Shrink-only ratchet except budgets-only commits. Measured start OK only with explicit target caps and a dated trim plan for anything above target."}]
["amend","AOC-S3-T2",1789082045,"bfc7fab2-5292-4d3d-9773-9f49b203f5c6",{"acceptance":["TestContextReportPricesDynamicPayloads_REQ_AOC_S3_T2 passes","TestDynamicPricingIsFixtureDeterministic_REQ_AOC_S3_T2 passes","TestDynamicBudgetsEnforcePromisedCaps_REQ_AOC_S3_T2 passes","make context-report lists structured payloads","make check green"],"definition_of_done":"Extend context-report to AOC envelopes for main-path commands on a fixture graph (bytes/4). Joins the runtime budgets file and shrink-only ratchet. Green means under the promised cap, not merely seeded at current measured size."}]
["amend","NXTTN-S3-T3",1789082061,"bfc7fab2-5292-4d3d-9773-9f49b203f5c6",{"acceptance":["Coordinator skill hygiene documented as non-blocking for Context Economics","make check green if trim retained"],"definition_of_done":"Skill-load hygiene only (not Context Economics delivery). Optional: keep coordinator under an explicit skill-tree or SKILL.md cap without claiming runtime economics. Prefer the separate front-matter sum gate for model-invocable skills."}]
["note","NXTTN-S3-T3",1789082062,"bfc7fab2-5292-4d3d-9773-9f49b203f5c6",{"msg":"Retitled intent: Skill-load hygiene (coordinator trim), not Context Economics delivery. Title field unchanged (amend has no --title); DoD/acceptance rewritten 2026-09-10.","note_id":"note-1789082062157770939"}]
["citation-accepted","NXTTN-S3-T4",1789082062,"bfc7fab2-5292-4d3d-9773-9f49b203f5c6",{"confirmed_noninteractively":true,"rationale":"DoD rewrite from Brian 2026-09-10: skill load cost separated from runtime Context Economics; front-matter sum is the skill-side gate."}]
["note","NXTTN-S3",1789082062,"bfc7fab2-5292-4d3d-9773-9f49b203f5c6",{"msg":"2026-09-10 DoD truth-up: runtime CLI/render-context weight, not static docs/skill trees. T3 reclassified as skill-load hygiene. New T4 = front-matter sum gate. Open PRs 160-163 do not satisfy rewritten T1/T2; treat as mis-aimed / hygiene pending retarget.","note_id":"note-1789082062667328732"}]
["note","NXTTN-S3-T1",1789082062,"bfc7fab2-5292-4d3d-9773-9f49b203f5c6",{"msg":"DoD rewritten to main-path runtime inventory. PR 160 implements static skill/doc census — does not satisfy new DoD; needs retarget or replacement.","note_id":"note-1789082062707913095"}]
["note","NXTTN-S3-T2",1789082062,"bfc7fab2-5292-4d3d-9773-9f49b203f5c6",{"msg":"DoD rewritten to explicit runtime caps + trim plan. PR 162 seed-at-measured-size gate does not satisfy new DoD.","note_id":"note-1789082062748145199"}]
["create","NXTTN-S3-T4",1789082083,"bfc7fab2-5292-4d3d-9773-9f49b203f5c6",{"title":"Skill front-matter sum guardrail for model-invocable skills","parent":"NXTTN-S3","type":"task","scope":["internal/skillsembed/frontmatter_budget_test.go (new)","internal/skillsembed/frontmatter_budget.go (new)"],"acceptance":["TestSkillFrontMatterSumUnderCap_REQ_NXTTN_S3_T4 passes","make check green"],"definition_of_done":"make check fails if the sum of YAML front matter bytes across model-invocable skills (SKILL.md front matter only; exclude disable-model-invocation: true) exceeds a checked-in cap. Bodies and references/ are out of this sum.","priority":"medium","confidence":"draft"}]
["citation-accepted","NXTTN-S3-T4",1789082083,"bfc7fab2-5292-4d3d-9773-9f49b203f5c6",{"confirmed_noninteractively":true,"rationale":"Brian 2026-09-10: separate skill front-matter sum gate from runtime Context Economics."}]
["transition","NXTTN-S3-T1",1789082284,"bfc7fab2-5292-4d3d-9773-9f49b203f5c6",{"to":"open"}]
["transition","NXTTN-S3-T2",1789082284,"bfc7fab2-5292-4d3d-9773-9f49b203f5c6",{"to":"open"}]
["transition","NXTTN-S3-T3",1789082285,"bfc7fab2-5292-4d3d-9773-9f49b203f5c6",{"to":"open"}]
["note","NXTTN-S3-T1",1789082293,"bfc7fab2-5292-4d3d-9773-9f49b203f5c6",{"msg":"Reopened 2026-09-10 for retarget against rewritten runtime/skill DoDs; prior PR delivery does not satisfy new contract.","note_id":"note-1789082293132700940"}]
["note","NXTTN-S3-T2",1789082293,"bfc7fab2-5292-4d3d-9773-9f49b203f5c6",{"msg":"Reopened 2026-09-10 for retarget against rewritten runtime/skill DoDs; prior PR delivery does not satisfy new contract.","note_id":"note-1789082293176595517"}]
["note","NXTTN-S3-T3",1789082293,"bfc7fab2-5292-4d3d-9773-9f49b203f5c6",{"msg":"Reopened 2026-09-10 for retarget against rewritten runtime/skill DoDs; prior PR delivery does not satisfy new contract.","note_id":"note-1789082293216129057"}]
["transition","NXTTN-S3-T4",1789083495,"bfc7fab2-5292-4d3d-9773-9f49b203f5c6",{"to":"done","outcome":"Front-matter sum gate for model-invocable skills (YAML between --- only); cap seeded at measured 2772; TestSkillFrontMatterSumUnderCap_REQ_NXTTN_S3_T4. PR 165 head e8aff16b. --force/--skip-delivery-gate: CA tip synced; PR open.","skipped_delivery_gate":true}]
["transition","NXTTN-S3-T4",1789083512,"bfc7fab2-5292-4d3d-9773-9f49b203f5c6",{"to":"merged"}]
["transition","NXTTN-S3-T1",1789083548,"bfc7fab2-5292-4d3d-9773-9f49b203f5c6",{"to":"done","outcome":"Runtime context-report prices fixture-measured list/ready/show/render-context/review payloads plus render-context.bundle; bytes/4 in output; static skills not primary. PR 166 head cf07d09c supersedes PR 160 intent. Named REQ_NXTTN_S3_T1 tests. --force/--skip-delivery-gate: CA tip synced; PR open.","skipped_delivery_gate":true}]
["transition","NXTTN-S3-T1",1789083570,"bfc7fab2-5292-4d3d-9773-9f49b203f5c6",{"to":"merged"}]
["transition","NXTTN-S3-T2",1789084259,"bfc7fab2-5292-4d3d-9773-9f49b203f5c6",{"to":"done","outcome":"Runtime budgets keyed to T1 artifacts with max_bytes+target_bytes customer promises; rejects seed-at-measured shape; shrink-only ratchet. PR 167 head dc35beae stacked on feat/NXTTN-S3-T1-runtime. Tests TestBudgetGateFailsOverBudget/RuntimeBudgetCapsAreExplicitTargets_REQ_NXTTN_S3_T2. --force/--skip-delivery-gate: CA tip synced; PR open.","skipped_delivery_gate":true}]
["transition","NXTTN-S3-T2",1789084406,"bfc7fab2-5292-4d3d-9773-9f49b203f5c6",{"to":"merged"}]
["transition","NXTTN-S4-T3",1789084409,"bfc7fab2-5292-4d3d-9773-9f49b203f5c6",{"to":"done","outcome":"Paved-road-first workflow+skills; escape hatches labeled; TestSkillsLeadWithPavedRoad_REQ_NXTTN_S4_T3. PR 164 head 2b40b999. Held during S3 DoD rewrite; now closing claim. --force/--skip-delivery-gate: CA tip synced.","skipped_delivery_gate":true}]
["transition","NXTTN-S4-T3",1789084436,"bfc7fab2-5292-4d3d-9773-9f49b203f5c6",{"to":"merged"}]
["transition","NXTTN-S3-T3",1789085008,"bfc7fab2-5292-4d3d-9773-9f49b203f5c6",{"to":"done","outcome":"Documented coordinator skill hygiene as non-blocking for Context Economics (runtime T1/T2 + front-matter T4). PR 168 head 190511dd. --force/--skip-delivery-gate: CA tip synced; PR open.","skipped_delivery_gate":true}]
["transition","NXTTN-S3-T3",1789085027,"bfc7fab2-5292-4d3d-9773-9f49b203f5c6",{"to":"merged"}]
["transition","NXTTN-S3",1789085048,"bfc7fab2-5292-4d3d-9773-9f49b203f5c6",{"to":"done","outcome":"Runtime Context Economics delivered in ops: T1 PR166, T2 PR167, T4 PR165, T3 hygiene PR168. GitHub land is PJ. Supersedes static-census intent of PRs 160-163."}]
["transition","AOC-S4-T1",1789096332,"bfc7fab2-5292-4d3d-9773-9f49b203f5c6",{"to":"done","outcome":"Payload-keyed transition idempotency: identical payload same-status is explicit no-op exit 0 (no append); changed payload appends amendment. ADR 0018. PR 172 head d6cc8de4. Named REQ_AOC_S4_T1 tests. --force/--skip-delivery-gate: CA tip synced; PR open.","skipped_delivery_gate":true}]
["transition","AOC-S4-T1",1789096351,"bfc7fab2-5292-4d3d-9773-9f49b203f5c6",{"to":"merged"}]
["transition","AOC-S2-T3",1789096631,"bfc7fab2-5292-4d3d-9773-9f49b203f5c6",{"to":"done","outcome":"arm show structured stdout is {count,issues[],help[]}; outcome/DoD truncate at 512 with truncated adjunct + --full; --field stays scalar; coordinator reads .issues[0].notes; skill-lint blocks top-level .notes. PR 173 head 23ebc71a. Named REQ_AOC_S2_T3 tests. --force/--skip-delivery-gate: CA tip synced; PR open.","skipped_delivery_gate":true}]
["transition","AOC-S2-T3",1789096654,"bfc7fab2-5292-4d3d-9773-9f49b203f5c6",{"to":"merged"}]
["transition","AOC-S2-T4",1789098154,"bfc7fab2-5292-4d3d-9773-9f49b203f5c6",{"to":"done","outcome":"Remaining batch emits envelopes: workers/findings/worktrees/commits/bundles/assessments/issues; context-history full by default with disclosed --limit adjunct; harness-hook unchanged. PR 175 head d249c226 stacked on show tip. Named REQ_AOC_S2_T4 tests. --force/--skip-delivery-gate: CA tip synced; PR open.","skipped_delivery_gate":true}]
["transition","AOC-S2-T4",1789125866,"bfc7fab2-5292-4d3d-9773-9f49b203f5c6",{"to":"merged"}]
["transition","AOC-S2-T5",1789125885,"bfc7fab2-5292-4d3d-9773-9f49b203f5c6",{"to":"done","outcome":"Root fail-loud flags exit 2 with valid flags list; version paths keep bare line in human and emit versions envelope in json/agent; bare non-TTY arm reuses ready envelope in-repo and definitive empty outside. PR 176 head 102c550a stacked on T4. Named REQ_AOC_S2_T5 tests. --force/--skip-delivery-gate: CA tip synced; PR open.","skipped_delivery_gate":true}]
["transition","AOC-S2-T5",1789125913,"bfc7fab2-5292-4d3d-9773-9f49b203f5c6",{"to":"merged"}]
["transition","AOC-S3-T1",1789181322,"bfc7fab2-5292-4d3d-9773-9f49b203f5c6",{"to":"done","outcome":"Deleted renderIssueJSON/renderReadyJSON and asJSON dual-path on RenderIssue/RenderReady/RenderExpiredClaims. Structured emit is NewEnvelope/WriteEnvelope only. AST guard TestNoLegacyOutputPathRemains_REQ_AOC_S3_T1. PR 179 head 5ba44675. --force/--skip-delivery-gate: CA tip synced; PR open.","skipped_delivery_gate":true}]
["transition","AOC-S3-T1",1789181346,"bfc7fab2-5292-4d3d-9773-9f49b203f5c6",{"to":"merged"}]
["transition","NXTTN-S3-T5",1789181616,"bfc7fab2-5292-4d3d-9773-9f49b203f5c6",{"to":"done","outcome":"measureList/measureReady/measureShow now call live WriteListEnvelope/WriteReadyEnvelope/WriteShowEnvelope (not parallel serializers). FormatSpend stays human-only. Named REQ_NXTTN_S3_T5 tests; make context-report + make check green. PR 180 head 1271ae21. --force/--skip-delivery-gate: CA tip synced; PR open.","skipped_delivery_gate":true}]
["transition","NXTTN-S3-T5",1789181629,"bfc7fab2-5292-4d3d-9773-9f49b203f5c6",{"to":"merged"}]
["transition","AOC-S3-T3",1789182474,"bfc7fab2-5292-4d3d-9773-9f49b203f5c6",{"to":"done","outcome":"Cobra-enumerated shape lint: live newRootCmd mapped to output.Command; goldens per agent-facing mode; Protocol/Artifact only via Mark*+citation; missing fixture fails make check. PR 181 head c034be1a stacked on T1. Named REQ_AOC_S3_T3. --force/--skip-delivery-gate: CA tip synced; PR open.","skipped_delivery_gate":true}]
["transition","AOC-S3-T3",1789182482,"bfc7fab2-5292-4d3d-9773-9f49b203f5c6",{"to":"merged"}]
["transition","AOC-S3-T4",1789183563,"bfc7fab2-5292-4d3d-9773-9f49b203f5c6",{"to":"done","outcome":"Census Command Output Modes table (63 rows) aligned with T3 EnumerateModes; census-drift-check bidirectional on path|selector|channel|citation; REQ_AOC_S3_T4 self-tests. PR 183 head 11e0304e stacked on 181. --force/--skip-delivery-gate: CA tip synced; PR open.","skipped_delivery_gate":true}]
["transition","AOC-S3-T4",1789183571,"bfc7fab2-5292-4d3d-9773-9f49b203f5c6",{"to":"merged"}]
["transition","AOC-S3-T2",1789183602,"bfc7fab2-5292-4d3d-9773-9f49b203f5c6",{"to":"done","outcome":"Dynamic AOC envelope pricing in context-report via live Write*Envelope; goldens + shrink-only caps under promised targets (not seeded). PR 182 head a0711444 stacked on T1. Named REQ_AOC_S3_T2. --force/--skip-delivery-gate: CA tip synced; PR open.","skipped_delivery_gate":true}]
["transition","AOC-S3-T2",1789183610,"bfc7fab2-5292-4d3d-9773-9f49b203f5c6",{"to":"merged"}]
["transition","AOC-S3-T5",1789184206,"bfc7fab2-5292-4d3d-9773-9f49b203f5c6",{"to":"done","outcome":"ADR 0019 parks TOON with mechanical re-entry in context-report units (JSON over target; TOON under target and \u003c=70% of JSON). Linked from agent-output-contract + ADR README. PR 184 head b7811d03 stacked on 182. --force/--skip-delivery-gate: CA tip synced; PR open.","skipped_delivery_gate":true}]
["transition","AOC-S3-T5",1789184214,"bfc7fab2-5292-4d3d-9773-9f49b203f5c6",{"to":"merged"}]
["transition","AOC-S4-T2",1789187351,"bfc7fab2-5292-4d3d-9773-9f49b203f5c6",{"to":"done","outcome":"Raw dogfood finding 2026-09-12T0421Z-cursor-workflow-worker-thrash-identical-done.md: ORCH-RUNTIME-V1-T3 six identical empty dones/15m; 14/1367 corpus dups; harness defect not ops rewrite. PR 187 head 2ff33b67. --force/--skip-delivery-gate: CA tip synced; PR open.","skipped_delivery_gate":true}]
["transition","AOC-S4-T2",1789187360,"bfc7fab2-5292-4d3d-9773-9f49b203f5c6",{"to":"merged"}]
["unlink","LNGHZN-S6-T5",1789226217,"bfc7fab2-5292-4d3d-9773-9f49b203f5c6",{"dep":"TOPTIER-S15","rel":"blocked_by"}]
["amend","TOPTIER-S15",1789226217,"bfc7fab2-5292-4d3d-9773-9f49b203f5c6",{"acceptance":["T1 and T2 Acceptance green","arm validate exits 0"],"definition_of_done":"A human-oriented arm doctor --explain mode renders non-OK doctor checks as guided narrative with suggested remediation commands (distinct from terse default and from Command Failures). The quickstart has a troubleshooting appendix covering catalogued git-worktree-friction Dogfood Finding classes and pointing humans at --explain for doctor-visible anomalies. Closes narrow-gaps-addendum G5. Agent Report / --format agent|json unchanged (AOC / CONSTITUTION I4)."}]
["amend","TOPTIER-S15",1789226217,"bfc7fab2-5292-4d3d-9773-9f49b203f5c6",{}]
["amend","TOPTIER-S15-T1",1789226217,"bfc7fab2-5292-4d3d-9773-9f49b203f5c6",{"acceptance":["TestDoctorExplainFlag_RendersGuidedNarrative_REQ_TOPTIER-S15-T1 passes","Agent/json Report shape has no new Finding fields","Existing skipCommandFailure / doctor-not-Command-Failure REQ still passes","make check green"],"definition_of_done":"arm doctor gains --explain rendering each non-OK doctor check as guided narrative with at least one suggested remediation command, without changing Go Finding fields or the agent Report shape, without emitting Command Failures for doctor checks, and with --explain ignored under --format agent/json (AOC agent-first)."}]
["amend","TOPTIER-S15-T2",1789226217,"bfc7fab2-5292-4d3d-9773-9f49b203f5c6",{"acceptance":["README.md contains troubleshooting appendix citing git-worktree-friction theme","Appendix points to arm doctor --explain / D9 for doctor-visible cases","arm validate exits 0"],"definition_of_done":"README quickstart gains an If something goes wrong appendix covering gopls/LSP false positives, checked-out-branch Managed Worktree failures, and worktree leak / wrong-checkout classes from docs/dogfood/findings/themes/git-worktree-friction/README.md, plus a pointer to arm doctor --explain and D9 Unrecognized Managed Worktree for doctor-visible cases."}]
["note","TOPTIER-S15",1789226218,"bfc7fab2-5292-4d3d-9773-9f49b203f5c6",{"msg":"Architect S15 2026-09-12: Story no longer Blocks LNGHZN-S6-T5; T1 alone serializes doctor.go. --explain is opt-in human Surface; agent Report byte-stable (AOC / I4 / N5).","note_id":"note-1789226218163404031"}]
["note","TOPTIER-S15-T1",1789226218,"bfc7fab2-5292-4d3d-9773-9f49b203f5c6",{"msg":"--explain is cmd presentation over doctor.Report; no Finding field changes; not Next Actions; not Command Failure; ignored for --format agent/json (AOC).","note_id":"note-1789226218195500526"}]
["note","LNGHZN-S6-T5",1789226218,"bfc7fab2-5292-4d3d-9773-9f49b203f5c6",{"msg":"Design-audit S15 (2026-09-12): dropped Blocked By story TOPTIER-S15; retain TOPTIER-S15-T1 for doctor.go file ownership. --explain is successful-report presentation, not Command Failure mapping.","note_id":"note-1789226218229825015"}]
["unlink","LNGHZN-S6-T5",1789226262,"bfc7fab2-5292-4d3d-9773-9f49b203f5c6",{"dep":"TOPTIER-S13-T2","rel":"blocked_by"}]
["amend","TOPTIER-S13",1789226262,"bfc7fab2-5292-4d3d-9773-9f49b203f5c6",{"scope":["internal/review/types.go","internal/review/record.go","internal/review/record_test.go"]}]
["note","TOPTIER-S13",1789226262,"bfc7fab2-5292-4d3d-9773-9f49b203f5c6",{"msg":"Architect S13 2026-09-12: Scope includes types.go. EffectiveRating advisory (I5/N4); prior Assessment Attestations never rewritten (I2). G3.1/G3.3 only; no G3.2 auto-dispatch.","note_id":"note-1789226262440082579"}]
["amend","TOPTIER-S13-T1",1789226262,"bfc7fab2-5292-4d3d-9773-9f49b203f5c6",{"scope":["internal/review/types.go","internal/review/record.go","internal/review/record_test.go"],"acceptance":["TestReviewRecord_HandlesConflictingRatings_REQ_TOPTIER-S13 passes","TestReviewRecord_ConformanceRatingNeverOverwritten_REQ_TOPTIER-S13-T1 passes","make check green"],"definition_of_done":"When RecordWithDuplicateCheck accepts a non-duplicate Assessment Attestation, it populates EffectiveRating (severity-max across non-duplicate same-DeliveryFingerprint Assessment Attestations), IsDisagreement, and ConflictsWithBundleID/ConflictsWithRating per Story Notes. The Assessment Attestation own Conformance Rating is never overwritten. There is no configuration to flag or auto-dispatch a tie-break Reviewer. Prior Assessment Attestations are not rewritten."}]
["note","TOPTIER-S13-T1",1789226262,"bfc7fab2-5292-4d3d-9773-9f49b203f5c6",{"msg":"Title intent: Enrich Assessment Attestation with disagreement fields on record. Configurable tie-break removed (contradicted Story Notes / N2 / I5).","note_id":"note-1789226262663722595"}]
["amend","TOPTIER-S13-T2",1789226262,"bfc7fab2-5292-4d3d-9773-9f49b203f5c6",{"scope":["internal/review/record.go","internal/review/record_test.go"],"acceptance":["TestReviewRecord_TracksDisagreementEvents_REQ_TOPTIER-S13-T2 passes","TestDisagreementStats_IgnoresNonDisagreementRows_REQ_TOPTIER-S13-T2 passes","make check green"],"definition_of_done":"Reviewer disagreement is a distinct, queryable fact via Assessment Attestation fields IsDisagreement and ConflictsWith* written by T1. A package-level aggregator counts/lists those facts for Dogfood Finding / analytics use. cmd/armature/stats.go is out of Scope for this Task."}]
["unlink","TOPTIER-S13-T2",1789226262,"bfc7fab2-5292-4d3d-9773-9f49b203f5c6",{"dep":"TOPTIER-S11-T2","rel":"blocked_by"}]
["unlink","TOPTIER-S13-T2",1789226263,"bfc7fab2-5292-4d3d-9773-9f49b203f5c6",{"dep":"TOPTIER-S11","rel":"blocked_by"}]
["note","TOPTIER-S13-T2",1789226263,"bfc7fab2-5292-4d3d-9773-9f49b203f5c6",{"msg":"Architect S13: Scope no longer includes cmd/armature/stats.go; G3.3 via stored IsDisagreement aggregator. Dropped blocks LNGHZN-S6-T5 (no Scope intersection).","note_id":"note-1789226263295719874"}]
["note","LNGHZN-S6-T5",1789226263,"bfc7fab2-5292-4d3d-9773-9f49b203f5c6",{"msg":"Design-audit S13 (2026-09-12): dropped Blocked By TOPTIER-S13-T2 (T5 Scope ∩ stats.go empty after narrowing).","note_id":"note-1789226263327767700"}]
["amend","TOPTIER-S15",1789226296,"bfc7fab2-5292-4d3d-9773-9f49b203f5c6",{"acceptance":["T1 and T2 Acceptance green","arm validate exits 0"],"definition_of_done":"arm doctor --explain is opt-in for humans and agents: human narrative + Suggested fixes; agent/json adds structured explanation/suggested only when flagged; default agent Report unchanged (AOC). Quickstart troubleshooting appendix covers git-worktree-friction classes. Closes G5. Not Command Failures."}]
["amend","TOPTIER-S15-T1",1789226296,"bfc7fab2-5292-4d3d-9773-9f49b203f5c6",{"acceptance":["TestDoctorExplainFlag_RendersGuidedNarrative_REQ_TOPTIER-S15-T1 passes","TestDoctorExplainFlag_AgentFormatAddsStructuredFields_REQ_TOPTIER-S15-T1 passes","Default agent/json without --explain has no new Finding fields","skipCommandFailure / doctor-not-Command-Failure REQ still passes","make check green"],"definition_of_done":"arm doctor --explain works for humans and agents. Human: guided narrative + Suggested remediation. Agent/json with --explain: structured explanation and suggested per non-OK check. Without --explain, agent Report unchanged. No Command Failures for doctor checks; not Next Actions."}]
["note","TOPTIER-S15",1789226297,"bfc7fab2-5292-4d3d-9773-9f49b203f5c6",{"msg":"Revise 2026-09-12: --explain opt-in for humans AND agents. Default agent Report byte-stable; flagged agent/json gets structured explanation/suggested only. Still not Command Failure / Next Actions.","note_id":"note-1789226297179282043"}]
["note","TOPTIER-S15-T1",1789226297,"bfc7fab2-5292-4d3d-9773-9f49b203f5c6",{"msg":"Revise: agents pass --explain for structured remediation. Default without flag unchanged (AOC).","note_id":"note-1789226297211440245"}]
["create","TOPTIER-S18-T0",1789226723,"bfc7fab2-5292-4d3d-9773-9f49b203f5c6",{"title":"taskcontract leaf + doctor.LiveCheckIDs","parent":"TOPTIER-S18","type":"task","scope":["internal/taskcontract/* (new)"],"acceptance":["named REQ tests","make check green"],"definition_of_done":"CheckTaskContract encodes doctor.run_wiring; doctor.LiveCheckIDs matches Run D1-D10.","context_files":["internal/doctor/doctor.go","internal/doctor/doctor_test.go"],"priority":"medium","confidence":"draft"}]
["link","TOPTIER-S12-T2",1789226730,"bfc7fab2-5292-4d3d-9773-9f49b203f5c6",{"dep":"TOPTIER-S18-T0","rel":"blocked_by"}]
["amend","TOPTIER-S18-T0",1789226730,"bfc7fab2-5292-4d3d-9773-9f49b203f5c6",{"scope":["internal/taskcontract/* (new)","internal/doctor/doctor.go","internal/doctor/doctor_test.go"],"acceptance":["named REQ tests","make check green"],"definition_of_done":"CheckTaskContract encodes doctor.run_wiring; doctor.LiveCheckIDs matches Run D1-D10.","context_files":["internal/doctor/doctor.go","internal/doctor/doctor_test.go"]}]
["amend","TOPTIER-S18",1789226738,"bfc7fab2-5292-4d3d-9773-9f49b203f5c6",{"acceptance":["Retained children Merged","S7-T2 fixture + LiveCheckIDs match-Run pass","arm validate exits 0"],"definition_of_done":"arm validate Graph Finding errors on Task Contract same-surface violations (doctor/gains-check without internal/doctor/doctor.go in Scope; unit-only Acceptance beside CLI Definition of Done). doctor.LiveCheckIDs matches Run; reservations git-tracked; planner skill points at encoded rule. Children T0/T1/T2/T3 Merged. T4 not a child."}]
["note","TOPTIER-S18",1789226738,"bfc7fab2-5292-4d3d-9773-9f49b203f5c6",{"msg":"Intended title (arm amend cannot set title): Task Contract same-surface encoded; doctor check IDs from Run + reservations","note_id":"note-1789226738502943235"}]
["amend","TOPTIER-S18-T1",1789226738,"bfc7fab2-5292-4d3d-9773-9f49b203f5c6",{"acceptance":["documents code-enforced same-surface + internal/doctor path","make check"],"definition_of_done":"Planner skill: DoD/Scope/Acceptance same-surface. Scope includes internal/doctor/doctor.go or DoD rewritten to exported helper not wired; skill points at validate E14; no Story/LH product-sentence copy into task DoDs."}]
["amend","TOPTIER-S18-T2",1789226738,"bfc7fab2-5292-4d3d-9773-9f49b203f5c6",{"scope":["internal/validate/validate.go","internal/validate/validate_test.go"],"definition_of_done":"arm validate Graph Finding E14 when task DoD claims arm doctor/gains check Dn whose wiring file is absent from Scope; unit-only Acceptance cannot stand alone beside CLI DoD. Tests cover S7-T2 fixture. No S14 dependency."}]
["amend","TOPTIER-S18-T3",1789226738,"bfc7fab2-5292-4d3d-9773-9f49b203f5c6",{"definition_of_done":"docs/design/doctor-check-ids.md mirrors doctor.LiveCheckIDs plus git-tracked open-task reservations; drift test enforces sync; do not hand-edit live rows. This task does not edit doctor.go."}]
["unlink","TOPTIER-S18-T1",1789226743,"bfc7fab2-5292-4d3d-9773-9f49b203f5c6",{"dep":"NXTTN-S4-T3","rel":"blocked_by"}]
["unlink","TOPTIER-S18-T2",1789226743,"bfc7fab2-5292-4d3d-9773-9f49b203f5c6",{"dep":"TOPTIER-S18-T1","rel":"blocked_by"}]
["unlink","TOPTIER-S18-T2",1789226769,"bfc7fab2-5292-4d3d-9773-9f49b203f5c6",{"dep":"TOPTIER-S14","rel":"blocked_by"}]
["amend","TOPTIER-S18-T2",1789226769,"bfc7fab2-5292-4d3d-9773-9f49b203f5c6",{"scope":["internal/validate/.s18-t2-placeholder"],"definition_of_done":"arm validate Graph Finding E14 when task DoD claims arm doctor/gains check Dn whose wiring file is absent from Scope; unit-only Acceptance cannot stand alone beside CLI DoD. Tests cover S7-T2 fixture. No S14 dependency."}]
["unlink","TOPTIER-S18-T2",1789226770,"bfc7fab2-5292-4d3d-9773-9f49b203f5c6",{"dep":"TOPTIER-S14-T1","rel":"blocked_by"}]
["link","TOPTIER-S14-T1",1789226770,"bfc7fab2-5292-4d3d-9773-9f49b203f5c6",{"dep":"TOPTIER-S18-T2","rel":"blocked_by"}]
["amend","TOPTIER-S18-T2",1789226770,"bfc7fab2-5292-4d3d-9773-9f49b203f5c6",{"scope":["internal/validate/validate.go","internal/validate/validate_test.go"],"definition_of_done":"arm validate Graph Finding E14 when task DoD claims arm doctor/gains check Dn whose wiring file is absent from Scope; unit-only Acceptance cannot stand alone beside CLI DoD. Tests cover S7-T2 fixture. No S14 dependency."}]
["unlink","TOPTIER-S18-T3",1789226776,"bfc7fab2-5292-4d3d-9773-9f49b203f5c6",{"dep":"TOPTIER-S18-T1","rel":"blocked_by"}]
["unlink","TOPTIER-S18-T4",1789226776,"bfc7fab2-5292-4d3d-9773-9f49b203f5c6",{"dep":"TOPTIER-S18-T3","rel":"blocked_by"}]
["link","TOPTIER-S18-T2",1789226776,"bfc7fab2-5292-4d3d-9773-9f49b203f5c6",{"dep":"TOPTIER-S18-T0","rel":"blocked_by"}]
["link","TOPTIER-S18-T3",1789226776,"bfc7fab2-5292-4d3d-9773-9f49b203f5c6",{"dep":"TOPTIER-S18-T0","rel":"blocked_by"}]
["link","TOPTIER-S18-T1",1789226776,"bfc7fab2-5292-4d3d-9773-9f49b203f5c6",{"dep":"TOPTIER-S18-T2","rel":"blocked_by"}]
["unlink","TOPTIER-S18-T4",1789226792,"bfc7fab2-5292-4d3d-9773-9f49b203f5c6",{"dep":"TOPTIER-S12","rel":"blocked_by"}]
["reparent","TOPTIER-S18-T4",1789226793,"bfc7fab2-5292-4d3d-9773-9f49b203f5c6",{"parent":"TOPTIER-S12"}]
["note","TOPTIER-S18-T4",1789226793,"bfc7fab2-5292-4d3d-9773-9f49b203f5c6",{"msg":"Allocate Dn via LiveCheckIDs after S18-T0/T3 exist. Reparented from S18 to S12 per S18 ops-patch; dropped story-level blocked_by S12 to avoid parent/blocked_by cycle; kept blocked_by S12-T2.","note_id":"note-1789226793449426757"}]
["note","TOPTIER-S18-T0",1789226797,"bfc7fab2-5292-4d3d-9773-9f49b203f5c6",{"msg":"Created with taskcontract-only scope first (doctor.go overlapped S12-T2 W1). Linked S12-T2 blocked_by T0 then amended full scope per ops-patch. Keeps S18 independent of S12 (S12 waits on T0).","note_id":"note-1789226797849125760"}]
["note","TOPTIER-S18-T2",1789226797,"bfc7fab2-5292-4d3d-9773-9f49b203f5c6",{"msg":"Dropped blocked_by S14/S14-T1 per ops-patch. Reverse-linked S14-T1 blocked_by T2 to suppress W1 validate.go overlap while keeping T2 Ready after T0 without waiting on S14.","note_id":"note-1789226797885130468"}]
["source-link","TOPTIER-S18-T0",1789226814,"bfc7fab2-5292-4d3d-9773-9f49b203f5c6",{"source_id":"9101a20a-c439-42f8-96a6-80575a26f871","source_url":"docs/dogfood/findings/raw/2026-08-27T0127Z-5207ee28-validation-dod-scope-acceptance-diverge.md"}]
["amend","TOPTIER-S18-T0",1789226870,"bfc7fab2-5292-4d3d-9773-9f49b203f5c6",{"scope":["internal/taskcontract/* (new)"]}]
["unlink","TOPTIER-S12-T2",1789226870,"bfc7fab2-5292-4d3d-9773-9f49b203f5c6",{"dep":"TOPTIER-S18-T0","rel":"blocked_by"}]
["link","TOPTIER-S12-T2",1789226888,"bfc7fab2-5292-4d3d-9773-9f49b203f5c6",{"dep":"TOPTIER-S18-T0","rel":"blocked_by"}]
["amend","TOPTIER-S18-T0",1789226888,"bfc7fab2-5292-4d3d-9773-9f49b203f5c6",{"scope":["internal/taskcontract/* (new)","internal/doctor/doctor.go","internal/doctor/doctor_test.go"]}]
["amend","TOPTIER-S18-T2",1789226889,"bfc7fab2-5292-4d3d-9773-9f49b203f5c6",{"scope":["internal/validate/validate_test.go"]}]
["amend","TOPTIER-S18-T2",1789226900,"bfc7fab2-5292-4d3d-9773-9f49b203f5c6",{"scope":["internal/validate/validate.go","internal/validate/validate_test.go"]}]
["note","TOPTIER-S18",1789226900,"bfc7fab2-5292-4d3d-9773-9f49b203f5c6",{"msg":"Ops note: T2→S14-T1 kept only for validate.go Scope ∩ (serialize). T2 does not wait on S14; Tier A runs T0→T2→T1 without S14. T0→S12-T2 kept for doctor.go ∩ with held S12-T2/T4.","note_id":"note-1789226900766148068"}]
["amend","TOPTIER-S15",1789227438,"bfc7fab2-5292-4d3d-9773-9f49b203f5c6",{"acceptance":["T1 and T2 Acceptance green","arm validate exits 0"],"definition_of_done":"arm doctor agent/json uses the AOC envelope ({count,checks[],help[]}). Opt-in --explain: human narrative + Suggested; agent/json adds structured explanation/suggested when flagged. Default agent Report is the AOC envelope (Finding fields unchanged without --explain). Quickstart troubleshooting appendix. Closes G5. Not Command Failures."}]
["amend","TOPTIER-S15-T1",1789227439,"bfc7fab2-5292-4d3d-9773-9f49b203f5c6",{"scope":["cmd/armature/doctor.go","cmd/armature/doctor_test.go","internal/output/testdata/golden/doctor.json"],"acceptance":["TestDoctorAgentEnvelope_AOC_REQ_TOPTIER-S15-T1 passes","TestDoctorExplainFlag_RendersGuidedNarrative_REQ_TOPTIER-S15-T1 passes","TestDoctorExplainFlag_AgentFormatAddsStructuredFields_REQ_TOPTIER-S15-T1 passes","Default agent/json without --explain has no explanation/suggested fields","Golden internal/output/testdata/golden/doctor.json matches runtime","skipCommandFailure / doctor-not-Command-Failure REQ still passes","make check green"],"definition_of_done":"Migrate arm doctor --format agent/json to the AOC envelope (checks payload + help). Add --explain for humans and agents: human narrative + Suggested; agent/json with --explain adds structured explanation/suggested per non-OK check. Without --explain, Finding fields stay as today inside the envelope. No Command Failures for doctor checks."}]
["note","TOPTIER-S15",1789227439,"bfc7fab2-5292-4d3d-9773-9f49b203f5c6",{"msg":"Brian 2026-09-12: fold doctor onto AOC with S15. Envelope is the default agent shape; --explain adds structured fields when flagged.","note_id":"note-1789227439330667055"}]
["note","TOPTIER-S15-T1",1789227439,"bfc7fab2-5292-4d3d-9773-9f49b203f5c6",{"msg":"Scope includes golden doctor.json so fixture matches runtime (was envelope stub vs bare Report). jq path: .checks[] | {check,severity,explanation?,suggested?}.","note_id":"note-1789227439370182391"}]
["transition","TOPTIER-S15-T1",1789231213,"bfc7fab2-5292-4d3d-9773-9f49b203f5c6",{"to":"done","outcome":"PR #188 squash-merged: doctor AOC envelope + opt-in --explain","branch":"cursor/feat-toptier-s15-t1-doctor-aoc-explain-92a7","pr":"188","skipped_delivery_gate":true}]
["transition","TOPTIER-S15-T1",1789231215,"bfc7fab2-5292-4d3d-9773-9f49b203f5c6",{"to":"merged","pr":"188"}]
["transition","TOPTIER-S18-T0",1789231656,"bfc7fab2-5292-4d3d-9773-9f49b203f5c6",{"to":"done","outcome":"PR #189 squash-merged: taskcontract + LiveCheckIDs","branch":"cursor/toptier-s18-t0-taskcontract-livecheckids-6f9f","pr":"189","skipped_delivery_gate":true}]
["transition","TOPTIER-S18-T0",1789231659,"bfc7fab2-5292-4d3d-9773-9f49b203f5c6",{"to":"merged","pr":"189"}]
["transition","TOPTIER-S13-T1",1789232076,"bfc7fab2-5292-4d3d-9773-9f49b203f5c6",{"to":"done","outcome":"PR #190 squash-merged: disagreement fields on Assessment Attestation","branch":"cursor/toptier-s13-t1-disagreement-fields-0025","pr":"190","skipped_delivery_gate":true}]
["transition","TOPTIER-S13-T1",1789232079,"bfc7fab2-5292-4d3d-9773-9f49b203f5c6",{"to":"merged","pr":"190"}]
["transition","TOPTIER-S13-T2",1789233122,"bfc7fab2-5292-4d3d-9773-9f49b203f5c6",{"to":"done","outcome":"PR #195 squash-merged: disagreement aggregator","branch":"feat/TOPTIER-S13-T2-disagreement-aggregator","pr":"195","skipped_delivery_gate":true}]
["transition","TOPTIER-S13-T2",1789233125,"bfc7fab2-5292-4d3d-9773-9f49b203f5c6",{"to":"merged","pr":"195"}]
["transition","TOPTIER-S18-T3",1789233592,"bfc7fab2-5292-4d3d-9773-9f49b203f5c6",{"to":"done","outcome":"PR #193 squash-merged: doctor-check-ids registry + drift test","branch":"feat/TOPTIER-S18-T3-doctor-check-ids","pr":"193","skipped_delivery_gate":true}]
["transition","TOPTIER-S18-T3",1789233595,"bfc7fab2-5292-4d3d-9773-9f49b203f5c6",{"to":"merged","pr":"193"}]
["transition","LNGHZN-S6-T5",1789233823,"bfc7fab2-5292-4d3d-9773-9f49b203f5c6",{"to":"done","outcome":"PR #194 squash-merged: delete GENERAL-1 wrap; migrate agent-facing errors","branch":"cursor/lnghzn-s6-t5-delete-general1-68cb","pr":"194","skipped_delivery_gate":true}]
["transition","LNGHZN-S6-T5",1789233825,"bfc7fab2-5292-4d3d-9773-9f49b203f5c6",{"to":"merged","pr":"194"}]
["transition","TOPTIER-S18-T2",1789234304,"bfc7fab2-5292-4d3d-9773-9f49b203f5c6",{"to":"done","outcome":"PR #192 squash-merged: validate E14 from taskcontract","branch":"feat/TOPTIER-S18-T2-validate-e14","pr":"192","skipped_delivery_gate":true}]
["transition","TOPTIER-S18-T2",1789234306,"bfc7fab2-5292-4d3d-9773-9f49b203f5c6",{"to":"merged","pr":"192"}]
["transition","TOPTIER-S18-T1",1789236019,"bfc7fab2-5292-4d3d-9773-9f49b203f5c6",{"to":"done","outcome":"PR #196 squash-merged: planner skill same-surface / E14","branch":"feat/TOPTIER-S18-T1-planner-skill","pr":"196","skipped_delivery_gate":true}]
["transition","TOPTIER-S18-T1",1789236022,"bfc7fab2-5292-4d3d-9773-9f49b203f5c6",{"to":"merged","pr":"196"}]
["source-fingerprint","1201646f-1923-4000-a2c0-d90748fdd759",1790009226,"bfc7fab2-5292-4d3d-9773-9f49b203f5c6",{"sha":"57af90f644912804932ea378dffd43f8382b80bd451505e4b99fd9d1a7f2d238","provider":"filesystem"}]
["source-fingerprint","4b23c8db-df48-4b94-b970-e0db912ba413",1790009226,"bfc7fab2-5292-4d3d-9773-9f49b203f5c6",{"sha":"81de7babbf0c9d639f1464b8c66ade3056a37483621241cf231e26b13f2bcd15","provider":"filesystem"}]
["source-fingerprint","6d474b3b-cd8f-44cc-88f0-80e88d143a44",1790009226,"bfc7fab2-5292-4d3d-9773-9f49b203f5c6",{"sha":"7b69ca2ede52872bf1b3f2d12df07d38d765ca911456f2af7ffa9ff9047c2d7f","provider":"filesystem"}]
["source-fingerprint","f818c90d-5915-4df9-8a5a-df3a48981d3e",1790009226,"bfc7fab2-5292-4d3d-9773-9f49b203f5c6",{"sha":"090d91c17438e2de43e0bdc7d8ed2e46685386e78d1e1a85271073937e5d8430","provider":"filesystem"}]
["source-fingerprint","1259c48e-867f-4f70-bde6-5a5fdb5cab36",1790009226,"bfc7fab2-5292-4d3d-9773-9f49b203f5c6",{"sha":"cdb4adb8244402c170f90ad318422ab99c7306e94382cad6c0e3e912fb7d43d7","provider":"filesystem"}]
["source-fingerprint","24a31819-05a9-4f9e-b40b-0a0464d99cca",1790009226,"bfc7fab2-5292-4d3d-9773-9f49b203f5c6",{"sha":"4714d87c82675902bb4c4c30db7cac08756e6f6ef963fa27a6c952cf7bc7f240","provider":"filesystem"}]
["source-fingerprint","58f09f72-5864-49ad-9871-34db725c7fec",1790009226,"bfc7fab2-5292-4d3d-9773-9f49b203f5c6",{"sha":"eafeb87d329672e38e512a869b8630a6bc03fbbd5b730bce70ade3d04f03af1d","provider":"filesystem"}]
["source-fingerprint","5acfc5e3-29e7-465a-9393-ccc2bf2de534",1790009226,"bfc7fab2-5292-4d3d-9773-9f49b203f5c6",{"sha":"6414289d72c5bc164de2edb2ca74dc56d2450590377cee329b7c2081e5ac9c7f","provider":"filesystem"}]
["source-fingerprint","b1b73229-57bf-45ac-a5d9-6988d2a31af9",1790009226,"bfc7fab2-5292-4d3d-9773-9f49b203f5c6",{"sha":"f0d51b419fa7d9366e25f0f2edef683ee5c725a577cc39df1c7e8bf97cbc5835","provider":"filesystem"}]
["source-fingerprint","c97b8fb9-d568-47ab-9822-17caf6892610",1790009226,"bfc7fab2-5292-4d3d-9773-9f49b203f5c6",{"sha":"84380429332bd3f22fb2b367cf441cf60aa3ddb9e282ade8b89793887c40849e","provider":"filesystem"}]
["source-fingerprint","d290e7a5-e410-4359-b53d-827ead188ae4",1790009226,"bfc7fab2-5292-4d3d-9773-9f49b203f5c6",{"sha":"e876aa397f6c177bdeb010b759b18158dea6bb75d89310f7c1b58dc942b8fff7","provider":"filesystem"}]
["source-fingerprint","07155333-2b09-4f78-91b2-22cfef03f639",1790009226,"bfc7fab2-5292-4d3d-9773-9f49b203f5c6",{"sha":"461e3c3c97a7de8a5821ec3c39c44d57f3f0699f010e29ab533285f99ea312c5","provider":"filesystem"}]
["source-fingerprint","40281d67-191e-43e8-b3b6-ec42970800d8",1790009226,"bfc7fab2-5292-4d3d-9773-9f49b203f5c6",{"sha":"ebaa766ce986e42a2e26a2b4ea0925259d9a47ab5eaca8fd8a669beac0181a1e","provider":"filesystem"}]
["source-fingerprint","4af54cb6-d757-4f33-b247-c6341b3ef3d6",1790009226,"bfc7fab2-5292-4d3d-9773-9f49b203f5c6",{"sha":"82aaf2d6818283c8908f89dd919e657534169befcec259dabb1aed90e1e2010d","provider":"filesystem"}]
["source-fingerprint","9542f8e2-ee3f-4bfb-b59d-dfa853fbf412",1790009226,"bfc7fab2-5292-4d3d-9773-9f49b203f5c6",{"sha":"8c252683dde29668d153e322bd641f395134a7b55b257a3c955ecc9fa6e44356","provider":"filesystem"}]
["source-fingerprint","ce4eb7ce-96ce-439d-ae2c-9e7ba575ca0e",1790009226,"bfc7fab2-5292-4d3d-9773-9f49b203f5c6",{"sha":"0c2efe46a5a27de39dda102ab8fc7c769de6a73b02be6ec8da4c7bb0d868e35c","provider":"filesystem"}]
["source-fingerprint","253e1536-283c-4c2b-9cf5-26fba5496076",1790009226,"bfc7fab2-5292-4d3d-9773-9f49b203f5c6",{"sha":"e0dcb27cede9ba03f8c0aede03806deacff7c71e95949a3cdf3d889e2a6ae455","provider":"filesystem"}]
["source-fingerprint","33618e19-bf05-4a9e-bba3-85dbb215e720",1790009226,"bfc7fab2-5292-4d3d-9773-9f49b203f5c6",{"sha":"a6ac4428c6db9e01ec87901a3d5974b87743dafcbda8dd2eaf39fd84b8198d34","provider":"filesystem"}]
["source-fingerprint","84e7b9cf-1975-424a-93cc-4967bf7eb0d4",1790009226,"bfc7fab2-5292-4d3d-9773-9f49b203f5c6",{"sha":"c3493762605834c3408243946bc1d21cff590d92feaf13a361f6d82fd3b29148","provider":"filesystem"}]
["source-fingerprint","8a89adcc-9f97-400d-8683-8936567b0019",1790009226,"bfc7fab2-5292-4d3d-9773-9f49b203f5c6",{"sha":"b3c187126cfcfb6322d44a65f0ac45968828cfd9f22172ddc5a4fc39d5bc6d70","provider":"filesystem"}]
["source-fingerprint","ad661536-c4c1-4936-9b37-874c8970d1b1",1790009226,"bfc7fab2-5292-4d3d-9773-9f49b203f5c6",{"sha":"ad4f4630fea5b5f610ef5df96b8ddb27606a88ea8501750e1d436531521e21dc","provider":"filesystem"}]
["source-fingerprint","34bc4866-43d5-4876-bfff-0fdb5b40ad01",1790009226,"bfc7fab2-5292-4d3d-9773-9f49b203f5c6",{"sha":"1a9d9e43b79f8ec8b52a5bf6ea8196b6d695ac36598077f9a40723d303e167a7","provider":"filesystem"}]
["source-fingerprint","45a0543a-7d07-4181-b362-058cd8c4540e",1790009226,"bfc7fab2-5292-4d3d-9773-9f49b203f5c6",{"sha":"7b4872dc0385687f92f3c9e3158b48d4709b7e69eb141d11d08fe87c0d1796ef","provider":"filesystem"}]
["source-fingerprint","7a92f2d9-c184-4acd-9538-113368e39692",1790009226,"bfc7fab2-5292-4d3d-9773-9f49b203f5c6",{"sha":"094e9226096f56455028f8151b2991f10ff8cea667e7fc0653254b37cddff2d5","provider":"filesystem"}]
["source-fingerprint","7d8cf9b6-1b88-41ca-8f92-6e10d2d68f75",1790009226,"bfc7fab2-5292-4d3d-9773-9f49b203f5c6",{"sha":"47dc579d9540891530167a72d0e7d73306f1dec9959b3a0904ff1335f971951c","provider":"filesystem"}]
["source-fingerprint","8e1fd6c2-32a5-4a57-ac8b-97bd018c5e3a",1790009226,"bfc7fab2-5292-4d3d-9773-9f49b203f5c6",{"sha":"e6a653fba142f5ea14400edc7f75b0074da7e98e5e8c4337cd015095f7bb52f4","provider":"filesystem"}]
["source-fingerprint","aa2bf5c7-4a37-4e16-bcc1-ebbd0cd9d02b",1790009226,"bfc7fab2-5292-4d3d-9773-9f49b203f5c6",{"sha":"b24c18f4197487705ddb026bd921603d4e0b8cbce597509f281e70f71611d966","provider":"filesystem"}]
["source-fingerprint","cd32a9ac-d9af-4aaa-962e-56372acc2ea2",1790009226,"bfc7fab2-5292-4d3d-9773-9f49b203f5c6",{"sha":"ab31e0c57de380c00e0046261b08071452dd2f01caca722c0b69a4879f09e483","provider":"filesystem"}]
["source-fingerprint","534b45cb-b9b7-40d0-94e4-5693560d95a3",1790009226,"bfc7fab2-5292-4d3d-9773-9f49b203f5c6",{"sha":"1f9ddeb129fc91506c4ddea7838a4810d15174ccc4916f027f778acf4650395b","provider":"filesystem"}]
["source-fingerprint","70b756f6-0ae5-4a71-aa9b-859a43a97324",1790009226,"bfc7fab2-5292-4d3d-9773-9f49b203f5c6",{"sha":"4f56f07266794e58e63f760251af29686b5690bcfec26b7417a433aba27b5042","provider":"filesystem"}]
["source-fingerprint","9101a20a-c439-42f8-96a6-80575a26f871",1790009226,"bfc7fab2-5292-4d3d-9773-9f49b203f5c6",{"sha":"76d199abee862f1b794e9d82242336a6b462ea94375d7981d6c2cd07708b86db","provider":"filesystem"}]
["source-fingerprint","c81233aa-6250-4484-a706-2d28f44f8830",1790009226,"bfc7fab2-5292-4d3d-9773-9f49b203f5c6",{"sha":"32baa444c71918fbb197cc7b603b192730b8980192684c26410005ce383a313d","provider":"filesystem"}]
["source-fingerprint","36fc066e-9db1-45f5-a1b5-1dae8cd61336",1790009226,"bfc7fab2-5292-4d3d-9773-9f49b203f5c6",{"sha":"ddeb484640940d40ddad9efef3b683e99bc5b220f6b8000ae17742f622f7e2f4","provider":"filesystem"}]
["source-fingerprint","73e552a4-92f7-4f03-b624-1dff7b0a9dad",1790009226,"bfc7fab2-5292-4d3d-9773-9f49b203f5c6",{"sha":"1866248f15b7ee093a53dc17512fdd926ec405fd0514f2c679bddbee9c7779bc","provider":"filesystem"}]
["source-fingerprint","8330f206-d976-49cd-90d9-80e34dad9509",1790009226,"bfc7fab2-5292-4d3d-9773-9f49b203f5c6",{"sha":"c15dc72f87acd3833682a1b0552bf67fac2b8529d2b0b5062ee9660aea63c9ea","provider":"filesystem"}]
["source-fingerprint","85e6a458-c8f5-4fd5-83fc-e719a91461c7",1790009226,"bfc7fab2-5292-4d3d-9773-9f49b203f5c6",{"sha":"cf3bfddb4d6511cadf4eff45a0f3308386786033c000b5c9f5e0c88f6d572f23","provider":"filesystem"}]
["source-fingerprint","b440a547-d9ac-48c1-aa9f-0c950a05244b",1790009226,"bfc7fab2-5292-4d3d-9773-9f49b203f5c6",{"sha":"c41a32dca2162630e45b04a4f5a9feb5b43cab8cdecf8d3d3cda380c954c665f","provider":"filesystem"}]
["source-fingerprint","c615bbfa-54bf-4c69-9434-571c64e629ef",1790009226,"bfc7fab2-5292-4d3d-9773-9f49b203f5c6",{"sha":"2f2f5492c246a3b1010a8f94215a82443ddc5de2c95758ff49a4fd79b4d2a992","provider":"filesystem"}]
["source-fingerprint","c95548e6-49bb-4680-9501-26ba3ec37c91",1790009226,"bfc7fab2-5292-4d3d-9773-9f49b203f5c6",{"sha":"d65f47b2c7aa85193688f0d22cc46dbc51aa3076102b512aaa78f5b8a08bf9eb","provider":"filesystem"}]
["source-fingerprint","63be1d55-5014-47cf-ac51-eea876931e93",1790009226,"bfc7fab2-5292-4d3d-9773-9f49b203f5c6",{"sha":"73b92dc4ada5886857e773a03e1f1e03fc0f4dbe44c85f312c63b0ddea288654","provider":"filesystem"}]
["source-fingerprint","6a6abbf2-2dbc-458f-b76f-a2c95f1aceca",1790009226,"bfc7fab2-5292-4d3d-9773-9f49b203f5c6",{"sha":"c72781683e637c8dc065520cc61c136a62d67efc47829223461aff6785f1845e","provider":"filesystem"}]
["source-fingerprint","805ddd2d-8bed-4665-9140-537174a34fa5",1790009226,"bfc7fab2-5292-4d3d-9773-9f49b203f5c6",{"sha":"ae2176bbc8aad70eff87f0eee6b36a2283f782896eb876fac665eb18372656ae","provider":"filesystem"}]
["source-fingerprint","f1539dbd-ed0a-405e-a096-983a6ef3c8db",1790009226,"bfc7fab2-5292-4d3d-9773-9f49b203f5c6",{"sha":"b715454333217e9c2480f75dee5c520945c9adbffac400bff713117be99a570b","provider":"filesystem"}]
["source-fingerprint","1241e468-5c15-4f75-9c29-1a09b42adda7",1790009226,"bfc7fab2-5292-4d3d-9773-9f49b203f5c6",{"sha":"304c0e4b38a67bc7c8a3773a8bb47a1f5c82c3b08d8569846bf7fc051abe22cb","provider":"filesystem"}]
["source-fingerprint","d198b553-d187-40c4-8e56-a31cd9121c47",1790009227,"bfc7fab2-5292-4d3d-9773-9f49b203f5c6",{"sha":"f699a860c973d453a8f9c2b56ad0f0c3282713f417f3aadcafc902e118a7b9b1","provider":"filesystem"}]
["source-fingerprint","dee6f489-a75b-46be-9f36-a1a99ec113ad",1790009227,"bfc7fab2-5292-4d3d-9773-9f49b203f5c6",{"sha":"b244d882ca3ec54cc4c2aed09aaeb79d8d15a0eeb585aaac694519fb09762feb","provider":"filesystem"}]
["source-fingerprint","f177ab50-73e2-456e-b8ae-e01d9799598b",1790009227,"bfc7fab2-5292-4d3d-9773-9f49b203f5c6",{"sha":"78960bda0e92b0eefb25ee696dac5635c405a43eefcf918940be1a73ef413dc8","provider":"filesystem"}]
["source-fingerprint","1b874777-6558-4835-9713-7553b8313733",1790009227,"bfc7fab2-5292-4d3d-9773-9f49b203f5c6",{"sha":"05056d855f01116e8895f2a851a9633670ca42ba0a07463d271448a88c630e19","provider":"filesystem"}]
["source-fingerprint","7675b1c9-f6ef-4036-b75d-677ccc70b7ee",1790009227,"bfc7fab2-5292-4d3d-9773-9f49b203f5c6",{"sha":"a0e161ae930f4f307ff7f39930c455262f27a0824587a2e7206a9b9e630ea719","provider":"filesystem"}]
["source-fingerprint","9cf288a8-8710-4426-8216-ffbc74e6ccee",1790009227,"bfc7fab2-5292-4d3d-9773-9f49b203f5c6",{"sha":"d2b3e7dcdc9006d311ed58a1d0e721206906c875bba6726a74b43b8743beaec4","provider":"filesystem"}]
["source-fingerprint","b6e5c559-b6de-41cb-8005-f2a158c7cb8d",1790009227,"bfc7fab2-5292-4d3d-9773-9f49b203f5c6",{"sha":"84223883df7b065b3081661d7e6a20ad13868294889f4466ef424971c3131a0c","provider":"filesystem"}]
["source-fingerprint","d4622af1-c94f-4478-beb1-c837f54dec42",1790009227,"bfc7fab2-5292-4d3d-9773-9f49b203f5c6",{"sha":"a9701c7f17cf83ee8b57c4430fd980ca5815c372af47bc922a9beef4a3010c4c","provider":"filesystem"}]
["source-fingerprint","1166fce2-5afc-4956-93a7-587dfdd84000",1790009227,"bfc7fab2-5292-4d3d-9773-9f49b203f5c6",{"sha":"6aca0e2612ce6c0f84d34d697da74123aaf372829c7b36a124a6290b62d5d189","provider":"filesystem"}]
["source-fingerprint","2db461b7-9fa6-4821-9fd2-0ddabf011e0d",1790009227,"bfc7fab2-5292-4d3d-9773-9f49b203f5c6",{"sha":"cf1d35edad8e6e16cb7f650a2948a7cb32a311da04720b1272450fe9bd1d5651","provider":"filesystem"}]
["source-fingerprint","44fecba4-af85-4ad0-ae8c-1c41bc8a0765",1790009227,"bfc7fab2-5292-4d3d-9773-9f49b203f5c6",{"sha":"093177c916729654a34f69f4b1b3349498e8712b1c0ff12b6f3f834dfa3a20c4","provider":"filesystem"}]
["source-fingerprint","48bf4795-4493-49ae-b534-bbf4f29d3532",1790009227,"bfc7fab2-5292-4d3d-9773-9f49b203f5c6",{"sha":"11d222487cf862789b96bf5360153141d6f9ab76f9b4c12f65088a5958a5c8b1","provider":"filesystem"}]
["source-fingerprint","22f672ac-d279-46d2-b208-cb2f20676f1e",1790009227,"bfc7fab2-5292-4d3d-9773-9f49b203f5c6",{"sha":"ac9bc58bac3887b9889763ff36ad9b8187c2e351e171d6729c013103cab19a9e","provider":"filesystem"}]
["source-fingerprint","92025c1d-1e1c-4964-a212-f37ed58fbcf7",1790009227,"bfc7fab2-5292-4d3d-9773-9f49b203f5c6",{"sha":"246b8ab465eded3780f369db396bf7b4e99d47be6e9ee1a793e46c77f5a15ada","provider":"filesystem"}]
["source-fingerprint","b4297dfa-4c68-4c2b-928b-aacfa2820e13",1790009227,"bfc7fab2-5292-4d3d-9773-9f49b203f5c6",{"sha":"4f56f07266794e58e63f760251af29686b5690bcfec26b7417a433aba27b5042","provider":"filesystem"}]
["source-fingerprint","d4b03fe0-1276-474a-9726-cea2d504463f",1790009227,"bfc7fab2-5292-4d3d-9773-9f49b203f5c6",{"sha":"82099197523cab12866fe9042e0b58038dff924fe653883e595d841631d89c81","provider":"filesystem"}]
["source-fingerprint","de851d7e-cf63-460f-9a36-a41255d8426c",1790009227,"bfc7fab2-5292-4d3d-9773-9f49b203f5c6",{"sha":"954e226ccae941875d8828ca214e38a3806a1f7463c93bcf442c7c050e87dee3","provider":"filesystem"}]
["source-fingerprint","5b40675c-1b83-49e9-80eb-abbd5aafb208",1790009227,"bfc7fab2-5292-4d3d-9773-9f49b203f5c6",{"sha":"364ecf7c797d824ce2b25262e54fc67c53d620836ecf6382809d4017d8cf3f0f","provider":"filesystem"}]
["source-fingerprint","94ec55e1-d3b1-4a0e-8b84-9ca07fedfeb5",1790009227,"bfc7fab2-5292-4d3d-9773-9f49b203f5c6",{"sha":"991b391043f72f0d8f549570a3e0a021d83716a12284da41e9e5e8825c8dffaa","provider":"filesystem"}]
["source-fingerprint","22abceac-3a79-4265-beab-4908bfc310eb",1790009227,"bfc7fab2-5292-4d3d-9773-9f49b203f5c6",{"sha":"ce5cc0a589dff5ed24b0e46f82f1f319b03033bbaadf42b04b4b181ea968e0de","provider":"filesystem"}]
["source-fingerprint","3fda6d85-83af-4cba-b542-c359c1d99305",1790009227,"bfc7fab2-5292-4d3d-9773-9f49b203f5c6",{"sha":"24859513129cc2eeaf4c1f97f2869fb11eab3942df1265fa7be04331c0ec0a4f","provider":"filesystem"}]
["source-fingerprint","5dafbe47-422b-454b-94ad-4d630925c8f1",1790009227,"bfc7fab2-5292-4d3d-9773-9f49b203f5c6",{"sha":"6414289d72c5bc164de2edb2ca74dc56d2450590377cee329b7c2081e5ac9c7f","provider":"filesystem"}]
["source-fingerprint","87d9e29e-2063-46cc-b86d-089332ba8538",1790009227,"bfc7fab2-5292-4d3d-9773-9f49b203f5c6",{"sha":"33c4ae5c8934447fbea459356616033825e6d748ca5e11c8ae9c6dbfee7f520f","provider":"filesystem"}]
["source-fingerprint","398cf593-aa9b-409f-ad44-671fa6d6d7c6",1790009227,"bfc7fab2-5292-4d3d-9773-9f49b203f5c6",{"sha":"8724855b7a72050130f1c7ed4084e36c852bd0e8222fa7cae4d4e0842b54dcab","provider":"filesystem"}]
["source-fingerprint","878f82b7-fce0-4b3b-87d7-3085eb7d335e",1790009227,"bfc7fab2-5292-4d3d-9773-9f49b203f5c6",{"sha":"9839bf37a60ddee9b90585aa4e1cc403c6b3203c0f4135a1359efce63cdee1b0","provider":"filesystem"}]
["source-fingerprint","b4a0f051-02c1-4561-9ca2-0e87e4164b71",1790009227,"bfc7fab2-5292-4d3d-9773-9f49b203f5c6",{"sha":"bb4be50f9d0e4b0b3b1be2fae1ae8e6e211916e389bdd60dab25decf2b769883","provider":"filesystem"}]
["source-fingerprint","c53fa767-957f-43d9-a2df-d6232f878dfb",1790009227,"bfc7fab2-5292-4d3d-9773-9f49b203f5c6",{"sha":"3ec4dc363cebd0a390c6eaa901c5cb11c023e155b3a625c4b104af1bc0fc2578","provider":"filesystem"}]
["source-fingerprint","719764dd-5970-4122-8393-1799554c480f",1790009227,"bfc7fab2-5292-4d3d-9773-9f49b203f5c6",{"sha":"4656d682d1d96d28e5e3278d845309812c737efc784c1d11d43828bf203ccd24","provider":"filesystem"}]
["source-fingerprint","98998112-c046-4ade-a085-e3ee708378e6",1790009227,"bfc7fab2-5292-4d3d-9773-9f49b203f5c6",{"sha":"82aaf2d6818283c8908f89dd919e657534169befcec259dabb1aed90e1e2010d","provider":"filesystem"}]
["source-fingerprint","ba3c5935-e592-4c48-9a38-1adaf1c97df2",1790009227,"bfc7fab2-5292-4d3d-9773-9f49b203f5c6",{"sha":"bfb66218957150c2de7ebc8d8ee0ff33bc3f561376877082c1dd5c6da249df4f","provider":"filesystem"}]
["source-fingerprint","db7cb95b-1778-4992-908c-8eb26e8ddee7",1790009227,"bfc7fab2-5292-4d3d-9773-9f49b203f5c6",{"sha":"18ae2d054d96459f8e5959c2ff23e0c424b097448dd33b38c6c3560308229163","provider":"filesystem"}]
["source-fingerprint","f74a305a-97ec-4816-8fe1-886a57bb56e2",1790009227,"bfc7fab2-5292-4d3d-9773-9f49b203f5c6",{"sha":"176ce40d1bdeea0ce09f0788a98807f9d1b44095aee69889404d75070943226f","provider":"filesystem"}]
["create","MATENC-S1",1790009288,"bfc7fab2-5292-4d3d-9773-9f49b203f5c6",{"title":"Encode MK-1..11 materialize laws (A-primary + B grafts)","parent":"ARCHIMP","type":"story","scope":["docs/design/mk-reshape-a-primary.md"],"acceptance":["arm validate exits 0","make check green at story integrate"],"definition_of_done":"MK-1..11 comment-laws encoded as types/APIs; sermons gone from engine.go; materialize/claim tests green; make check green at integrate.","priority":"high","confidence":"draft"}]
["source-link","MATENC-S1",1790009288,"bfc7fab2-5292-4d3d-9773-9f49b203f5c6",{"source_id":"c97b8fb9-d568-47ab-9822-17caf6892610"}]
["create","MATENC-S1-T1",1790009288,"bfc7fab2-5292-4d3d-9773-9f49b203f5c6",{"title":"ops.DecodeScope for legacy comma-joined scopes","parent":"MATENC-S1","type":"task","scope":["internal/ops/scope.go (new)","internal/ops/scope_test.go (new)","internal/materialize/engine.go","internal/materialize/state.go"],"acceptance":["TestDecodeScope_REQ_MATENC_S1_T1 passes","go test ./internal/ops/ ./internal/materialize/ green"],"definition_of_done":"ops.DecodeScope matches normalizeScopeEntries; engine create/amend paths and LoadIssue call it; helper removed from engine; no ParseLine Payload mutation.","priority":"high","confidence":"draft"}]
["source-link","MATENC-S1-T1",1790009288,"bfc7fab2-5292-4d3d-9773-9f49b203f5c6",{"source_id":"c97b8fb9-d568-47ab-9822-17caf6892610"}]
["create","MATENC-S1-T2",1790009288,"bfc7fab2-5292-4d3d-9773-9f49b203f5c6",{"title":"claimLostRace + claimant-only heartbeat clocks","parent":"MATENC-S1","type":"task","scope":["internal/materialize/engine.go","internal/claim/race.go (new)","internal/claim/race_test.go (new)"],"acceptance":["go test ./internal/claim/ ./internal/materialize/ green","lose-race behavior unchanged vs existing tests"],"definition_of_done":"Named claimLostRace and claimant heartbeat clock helpers; lose-race/heartbeat sermons removed; existing claim race tests green.","priority":"high","confidence":"draft"}]
["source-link","MATENC-S1-T2",1790009288,"bfc7fab2-5292-4d3d-9773-9f49b203f5c6",{"source_id":"c97b8fb9-d568-47ab-9822-17caf6892610"}]
["link","MATENC-S1-T2",1790009288,"bfc7fab2-5292-4d3d-9773-9f49b203f5c6",{"dep":"MATENC-S1-T1","rel":"blocked_by"}]
["create","MATENC-S1-T3",1790009288,"bfc7fab2-5292-4d3d-9773-9f49b203f5c6",{"title":"WorktreeRestore / Compensation encode","parent":"MATENC-S1","type":"task","scope":["internal/claim/compensate.go","internal/claim/compensate_test.go","internal/claim/worktree_restore.go (new)","internal/claim/worktree_restore_test.go (new)","internal/ops/compensation.go (new)","internal/ops/compensation_test.go (new)"],"acceptance":["TestWorktreeRestore_REQ_MATENC_S1_T3 passes","go test ./internal/claim/ ./internal/ops/ green"],"definition_of_done":"Tri-state WorktreeRestore clear|set|leave; PlanCompensation encodes via shared helpers; dual flags no longer the writer contract.","priority":"high","confidence":"draft"}]
["source-link","MATENC-S1-T3",1790009288,"bfc7fab2-5292-4d3d-9773-9f49b203f5c6",{"source_id":"c97b8fb9-d568-47ab-9822-17caf6892610"}]
["link","MATENC-S1-T3",1790009288,"bfc7fab2-5292-4d3d-9773-9f49b203f5c6",{"dep":"MATENC-S1-T1","rel":"blocked_by"}]
["create","MATENC-S1-T4",1790009288,"bfc7fab2-5292-4d3d-9773-9f49b203f5c6",{"title":"Shrink applyTransition: gate, status assert, lease restore","parent":"MATENC-S1","type":"task","scope":["internal/materialize/engine.go"],"acceptance":["Existing IfClaimToken and worktree restore tests green","go test ./internal/materialize/ green"],"definition_of_done":"applyTransition uses compensationApplies, applyStatusAssert, WorktreeRestore, restoreLeaseIfMarked; related sermons removed.","priority":"high","confidence":"draft"}]
["source-link","MATENC-S1-T4",1790009288,"bfc7fab2-5292-4d3d-9773-9f49b203f5c6",{"source_id":"c97b8fb9-d568-47ab-9822-17caf6892610"}]
["link","MATENC-S1-T4",1790009288,"bfc7fab2-5292-4d3d-9773-9f49b203f5c6",{"dep":"MATENC-S1-T2","rel":"blocked_by"}]
["link","MATENC-S1-T4",1790009288,"bfc7fab2-5292-4d3d-9773-9f49b203f5c6",{"dep":"MATENC-S1-T3","rel":"blocked_by"}]
["create","MATENC-S1-T5",1790009288,"bfc7fab2-5292-4d3d-9773-9f49b203f5c6",{"title":"Handler MissingTarget meta; delete error-string parse","parent":"MATENC-S1","type":"task","scope":["internal/materialize/engine.go","internal/materialize/pipeline.go"],"acceptance":["TestMissingTarget_REQ_MATENC_S1_T5 passes","go test ./internal/materialize/ green"],"definition_of_done":"Handler meta MissingTarget Error|Ignore; assign missing-target success; no claim-not-found string parse for exclude-worker.","priority":"medium","confidence":"draft"}]
["source-link","MATENC-S1-T5",1790009288,"bfc7fab2-5292-4d3d-9773-9f49b203f5c6",{"source_id":"c97b8fb9-d568-47ab-9822-17caf6892610"}]
["link","MATENC-S1-T5",1790009288,"bfc7fab2-5292-4d3d-9773-9f49b203f5c6",{"dep":"MATENC-S1-T4","rel":"blocked_by"}]
["create","MATENC-S1-T6",1790009288,"bfc7fab2-5292-4d3d-9773-9f49b203f5c6",{"title":"DAGEra / Mode classify at ops decode","parent":"MATENC-S1","type":"task","scope":["internal/ops/dag_era.go (new)","internal/ops/dag_era_test.go (new)","internal/materialize/engine.go"],"acceptance":["TestDAGEra_REQ_MATENC_S1_T6 passes","go test ./internal/ops/ ./internal/materialize/ green"],"definition_of_done":"DAGEra classified at decode; applyDAGTransition one shape; arm confirm legacy path still works; no JSONL rewrite.","priority":"medium","confidence":"draft"}]
["source-link","MATENC-S1-T6",1790009288,"bfc7fab2-5292-4d3d-9773-9f49b203f5c6",{"source_id":"c97b8fb9-d568-47ab-9822-17caf6892610"}]
["link","MATENC-S1-T6",1790009288,"bfc7fab2-5292-4d3d-9773-9f49b203f5c6",{"dep":"MATENC-S1-T5","rel":"blocked_by"}]
["create","MATENC-S1-T7",1790009288,"bfc7fab2-5292-4d3d-9773-9f49b203f5c6",{"title":"MaterializeCold/Incremental; retract in ApplyOpsSorted","parent":"MATENC-S1","type":"task","scope":["internal/materialize/pipeline.go","internal/materialize/rollup.go","internal/materialize/api.go (new)","internal/materialize/api_test.go (new)"],"acceptance":["TOPTIER-B1 rollup tests green","TestMaterializeIncremental_REQ_MATENC_S1_T7 passes","go test ./internal/materialize/ green"],"definition_of_done":"MaterializeIncremental always retracts then full-replays; ApplyOpsSorted retracts first; cold==incremental; RollupStatusBefore retained.","priority":"high","confidence":"draft"}]
["source-link","MATENC-S1-T7",1790009288,"bfc7fab2-5292-4d3d-9773-9f49b203f5c6",{"source_id":"c97b8fb9-d568-47ab-9822-17caf6892610"}]
["link","MATENC-S1-T7",1790009288,"bfc7fab2-5292-4d3d-9773-9f49b203f5c6",{"dep":"MATENC-S1-T5","rel":"blocked_by"}]
["dag-transition","MATENC-S1",1790009289,"bfc7fab2-5292-4d3d-9773-9f49b203f5c6",{"to":"verified","issue_id":"MATENC-S1"}]
["amend","MATENC-S1-T7",1790009331,"bfc7fab2-5292-4d3d-9773-9f49b203f5c6",{"scope":["internal/materialize/pipeline.go","internal/materialize/api.go (new)","internal/materialize/api_test.go (new)"]}]
["claim","MATENC-S1-T1",1790009494,"bfc7fab2-5292-4d3d-9773-9f49b203f5c6",{"ttl":240,"worktree_path":"/workspace/armature/.worktrees/MATENC-S1-T1","claim_token":"c222b5a3818bbe0559c11e664ac58f21"}]
["transition","MATENC-S1-T1",1790010428,"bfc7fab2-5292-4d3d-9773-9f49b203f5c6",{"to":"done","outcome":"Landed via PR #217 squash 18e11163; ops.DecodeScope on main; make check green","branch":"task/MATENC-S1-T1","pr":"217","skipped_delivery_gate":true}]
["claim","MATENC-S1-T2",1790010438,"bfc7fab2-5292-4d3d-9773-9f49b203f5c6",{"ttl":240,"worktree_path":"/workspace/armature/.worktrees/MATENC-S1-T2","claim_token":"9f6497e5bccb94a67e4bbda00312fdfd"}]
["claim","MATENC-S1-T3",1790010440,"bfc7fab2-5292-4d3d-9773-9f49b203f5c6",{"ttl":240,"worktree_path":"/workspace/armature/.worktrees/MATENC-S1-T3","claim_token":"58acd1db361b4d98167f59f745a0183b"}]
["transition","MATENC-S1-T2",1790011379,"bfc7fab2-5292-4d3d-9773-9f49b203f5c6",{"to":"done","outcome":"Landed via PR #218 squash c3c49a32; ClaimLostRace + claimant heartbeat clocks","branch":"task/MATENC-S1-T2","pr":"218","skipped_delivery_gate":true}]
["transition","MATENC-S1-T3",1790011543,"bfc7fab2-5292-4d3d-9773-9f49b203f5c6",{"to":"done","outcome":"Landed via PR #219 squash 1da5cb61; WorktreeRestore/Compensation encode","branch":"task/MATENC-S1-T3","pr":"219","skipped_delivery_gate":true}]
["claim","MATENC-S1-T4",1790011554,"bfc7fab2-5292-4d3d-9773-9f49b203f5c6",{"ttl":240,"worktree_path":"/workspace/armature/.worktrees/MATENC-S1-T4","claim_token":"477e37ab200b7dfaed4bf510eed87fb0"}]
